[LOAD] Pre-loading Piper TTS voice …
[TTS] Loading voice: en_US-lessac-medium …
[TTS] Voice ready.
[AUDIO] Pre-synthesizing real-time guidance prompts …
[AUDIO] 14 spoken guidance clips ready.
[LOAD] TTS ready in 1.55s
[LOAD] OCR language audit: french -> PaddleOCR lang='en'
[LOAD] Initializing PaddleOCR (onnxruntime, gpu) …
[32mCreating model: ('PP-OCRv6_medium_det', 'C:\\Users\\ali/.paddlex/official_models\\PP-OCRv6_medium_det_onnx', 'onnxruntime')[0m
[32mCreating model: ('PP-OCRv6_medium_rec', 'C:\\Users\\ali/.paddlex/official_models\\PP-OCRv6_medium_rec_onnx', 'onnxruntime')[0m
[LOAD] PaddleOCR ready in 1.89s
[CAPTURE] Detection-only available: True
[LOAD] Loading local NLLB on cuda (float16) ...
[LOAD] NLLB ready in 4.73s
[LOAD] Conservative SymSpell dictionary loaded in 2.87s

[QUALITY] Box6 text-envelope capture guidance active …
[QUALITY] Checking all printed text, focus, lighting, and image motion.
[QUALITY] Three good frames in the latest four are required. S force-captures.
  [OBS 001] state=almost_ready, rows=19/19, age=0.67s, edges=none, bandLap=446, lineLap=748, lightStd=7.8, belowText=0.9, motion=0.00, stable=1/3
  [OBS 002] state=almost_ready, rows=21/21, age=0.12s, edges=none, bandLap=503, lineLap=706, lightStd=8.5, belowText=0.9, motion=0.58, stable=2/3
  [GUIDANCE] Ready.
  [STABLE HOLD] Cleared by a confirmed text-edge or unreadable-text failure.
  [OBS 003] state=hold_still, rows=20/21, age=0.11s, edges=B, bandLap=459, lineLap=483, lightStd=8.1, belowText=0.0, motion=1.75, stable=0/3
  [OBS 004] state=hold_still, rows=22/22, age=0.11s, edges=none, bandLap=185, lineLap=153, lightStd=8.9, belowText=0.9, motion=1.44, stable=0/3
  [GUIDANCE] Hold still.
  [OBS 005] state=almost_ready, rows=21/22, age=0.14s, edges=none, bandLap=324, lineLap=403, lightStd=8.1, belowText=1.0, motion=0.51, stable=1/3
  [OBS 006] state=almost_ready, rows=18/22, age=0.08s, edges=none, bandLap=564, lineLap=859, lightStd=7.9, belowText=1.0, motion=0.39, stable=2/3
  [OBS 007] state=almost_ready, rows=17/21, age=0.09s, edges=none, bandLap=824, lineLap=1253, lightStd=8.4, belowText=0.9, motion=0.08, stable=3/3

[QUALITY] ✅ Three of the latest four observations passed; capturing analyzed frame #386.

────────────────────────────────────────────────────────────
  RUN #1
────────────────────────────────────────────────────────────

  💾 Saved → C:\Users\ali\Desktop\FYDP\New\Project\pics\captured\capture_cli_001_20260915_124601.jpg
[POST-CAPTURE] LapVar=66.0, score components: sharp=2, bright=30, even=10
[POST-CAPTURE] Rejected: saved frame is too soft for reliable OCR (66.0 < 100).

[QUALITY] Box6 text-envelope capture guidance active …
[QUALITY] Checking all printed text, focus, lighting, and image motion.
[QUALITY] Three good frames in the latest four are required. S force-captures.
  [OBS 001] state=blurry, rows=8/8, age=0.36s, edges=B, bandLap=126, lineLap=77, lightStd=4.9, belowText=3.1, motion=0.00, stable=0/3
  [OBS 002] state=look_down, rows=8/8, age=0.08s, edges=B, bandLap=476, lineLap=719, lightStd=5.4, belowText=0.0, motion=0.95, stable=0/3
  [OBS 003] state=hold_still, rows=0/8, age=0.16s, edges=none, bandLap=52, lineLap=0, lightStd=0.0, belowText=0.0, motion=1.07, stable=0/3
  [OBS 004] state=hold_still, rows=21/20, age=0.16s, edges=none, bandLap=1103, lineLap=1803, lightStd=6.8, belowText=1.0, motion=4.84, stable=0/3
  [GUIDANCE] Hold still.
  [OBS 005] state=almost_ready, rows=21/21, age=0.11s, edges=none, bandLap=1320, lineLap=2047, lightStd=7.0, belowText=1.0, motion=0.23, stable=1/3
  [OBS 006] state=almost_ready, rows=21/21, age=0.16s, edges=none, bandLap=1178, lineLap=1865, lightStd=7.5, belowText=1.0, motion=0.13, stable=2/3
  [GUIDANCE] Ready.
  [OBS 007] state=almost_ready, rows=21/21, age=0.22s, edges=none, bandLap=1375, lineLap=1904, lightStd=7.1, belowText=1.0, motion=0.04, stable=3/3

[QUALITY] ✅ Three of the latest four observations passed; capturing analyzed frame #665.

────────────────────────────────────────────────────────────
  RUN #2
────────────────────────────────────────────────────────────

  💾 Saved → C:\Users\ali\Desktop\FYDP\New\Project\pics\captured\capture_cli_002_20260915_124624.jpg
[POST-CAPTURE] LapVar=215.8, score components: sharp=26, bright=30, even=28
[STAGE 1] Raw grayscale preprocessing and PaddleOCR ...
[STAGE 1] OCR complete in 0.719s (37 detections, 24 lines, 9 regions)

============================================================
  EXTRACTED TEXT
============================================================
Experimental Evaluation Image quality has a direct effect on document recognition. Good focus and lighting generally improve text recognition, while perspective distortion, page curvature and motion blur can reduce accuracy The table below presents example observations for several capture conditions. These values are provided as test content for evaluating OCR and table-structure recognition Condition OCR Table Structure Clear page 97.4% Detected Excellent Perspective 93 1% Detected Good Curved page 88.7% Detected Moderate Motion blur 81 9% Partial Poor Table 2. Example recognition results under different conditions. Discussion A table detector first identifies where the table is located A structure-recognition model then identifies rows, columns and headers. OCR can finally associate recognized words with the correct cells. This approach is useful for wearable document readers because the system can speak information row by row instead of reading unrelated words in an incorrect order
============================================================

[REGIONS] Detected 9 text region(s): 1 title, 0 heading(s), 8 paragraph(s)
  TITLE | type=page_title | 1 line(s) | confidence=1.000 | at the top of the page
    Experimental Evaluation
  P1 | type=paragraph | 4 line(s) | confidence=1.000 | at the top of the page
    Image quality has a direct effect on document recognition. Good focus and lighting generally improve text recognition, while perspective distortion, page curvature and motion blur can reduce accuracy
  P2 | type=paragraph | 3 line(s) | confidence=0.997 | in the upper part of the page
    The table below presents example observations for several capture conditions. These values are provided as test content for evaluating OCR and table-structure recognition
  P3 | type=paragraph | 1 line(s) | confidence=1.000 | in the upper part of the page
    Condition OCR Table
  P4 | type=paragraph | 1 line(s) | confidence=1.000 | in the upper part of the page
    Structure
  P5 | type=paragraph | 1 line(s) | confidence=0.967 | in the upper part of the page
    Clear page 97.4% Detected
  P6 | type=paragraph | 4 line(s) | confidence=0.992 | in the middle of the page
    Excellent Perspective 93 1% Detected Good Curved page 88.7% Detected Moderate Motion blur 81 9% Partial Poor
  P7 | type=paragraph | 1 line(s) | confidence=0.984 | in the middle of the page
    Table 2. Example recognition results under different conditions.
  P8 | type=paragraph | 8 line(s) | confidence=0.993 | in the lower part of the page
    Discussion A table detector first identifies where the table is located A structure-recognition model then identifies rows, columns and headers. OCR can finally associate recognized words with the correct cells. This approach is useful for wearable document readers because the system can speak information row by row instead of reading unrelated words in an incorrect order
[TRANSLATION REVIEW] Region 8: Review numerical rendering: new output digits: 3
[STAGE 2] 9 regions, 14 NLLB chunks, french -> english: 0.491s

============================================================
  CLASSIFIED REGION TRANSLATIONS (English) — NLLB 1.3B
============================================================
[TITLE] Experimental evaluation
[P1] Image quality has a direct effect on document recognition. Good focus and lighting generally improve text recognition, while perspective distortion, page curvature and motion blur can reduce accuracy
[P2] The table below presents example observations for several capture conditions. These values are provided as test content for evaluating OCR and table-structure recognition
[P3] OCR condition Table
[P4] Structure and structure
[P5] Clear page 97.4% Detected
[P6] Excellent Perspective 93 1% Detected Good Curved page 88.7% Detected Moderate Motion blurred 81 9% Partial Poor
[P7] Table 2 and 3. Example recognition results under different conditions.
[P8] A table detector first identifies where the table is located A structure-recognition model then identifies rows, columns and headers. OCR can finally associate recognized words with the correct cells. This approach is useful for wearable document readers because the system can speak information row by row instead of reading unrelated words in an incorrect order
============================================================

[STAGE 2.5] No sufficiently confident corrections; original preserved (0.011s)
  [DEBUG] Overlay saved  → C:\Users\ali\Desktop\FYDP\New\Project\1Pipeline\final\working\Ahead\Further Box AutoCapture\working model\paragraph_test_outputs\run_002_20260915_124626_overlay.jpg
  [DEBUG] OCR log saved  → C:\Users\ali\Desktop\FYDP\New\Project\1Pipeline\final\working\Ahead\Further Box AutoCapture\working model\paragraph_test_outputs\run_002_20260915_124626_ocr.txt
[STAGE 3] Speaking 9 classified region(s) in reading order … (A pause/resume, S stop, R repeat, N next, P previous)
[STAGE 3] TITLE — at the top of the page
[STAGE 3] P1 — at the top of the page
[STAGE 3] P2 — in the upper part of the page
[RUN ERROR] RuntimeError: Unanticipated host error [PaErrorCode -9999]: 'There is no driver installed on your system.' [MME error 6]

[QUALITY] Box6 text-envelope capture guidance active …
[QUALITY] Checking all printed text, focus, lighting, and image motion.
[QUALITY] Three good frames in the latest four are required. S force-captures.
  [OBS 001] state=page_not_found, rows=0/0, age=0.34s, edges=none, bandLap=17, lineLap=0, lightStd=0.0, belowText=0.0, motion=0.00, stable=0/3
  [OBS 002] state=look_down, rows=23/23, age=0.08s, edges=B, bandLap=1154, lineLap=1301, lightStd=10.7, belowText=0.0, motion=0.77, stable=0/3
  [OBS 003] state=hold_still, rows=22/23, age=0.11s, edges=none, bandLap=261, lineLap=346, lightStd=14.7, belowText=0.9, motion=2.28, stable=0/3
  [OBS 004] state=almost_ready, rows=25/25, age=0.14s, edges=none, bandLap=896, lineLap=1150, lightStd=13.0, belowText=1.5, motion=0.91, stable=1/3
  [STABLE HOLD] One soft failure retained; 1/3 good frames remain.
  [OBS 005] state=hold_still, rows=19/24, age=0.11s, edges=none, bandLap=431, lineLap=630, lightStd=10.5, belowText=9.3, motion=1.16, stable=1/3
  [OBS 006] state=almost_ready, rows=22/24, age=0.08s, edges=none, bandLap=749, lineLap=917, lightStd=13.9, belowText=1.0, motion=0.56, stable=2/3
  [OBS 007] state=almost_ready, rows=23/24, age=0.28s, edges=none, bandLap=939, lineLap=1177, lightStd=11.7, belowText=6.2, motion=0.13, stable=3/3

[QUALITY] ✅ Three of the latest four observations passed; capturing analyzed frame #1525.

────────────────────────────────────────────────────────────
  RUN #3
────────────────────────────────────────────────────────────

  💾 Saved → C:\Users\ali\Desktop\FYDP\New\Project\pics\captured\capture_cli_003_20260915_124735.jpg
[POST-CAPTURE] LapVar=105.4, score components: sharp=8, bright=30, even=13
[STAGE 1] Raw grayscale preprocessing and PaddleOCR ...
[STAGE 1] OCR complete in 0.422s (21 detections, 21 lines, 3 regions)

============================================================
  EXTRACTED TEXT
============================================================
Surveillance autonome d'une station énergétique isolée Sur un plateau difficile d'accès, une station alimente un dispensaire un relais radio, des instruments météorologiques et l'éclairage de sécurité Le micro-réseau réunit des panneaux solaires, des batteries au lithium et un petit générateur diesel Comme la route peut rester fermée plusieurs jours, un contrôleur mesure la tension, le courant. la température et les vibrations toutes les 200 millisecondes. Les données détaillées restent sur place: seul un résumé compressé est transmis lorsque la liaison fonctionne Les équipements médicaux et de communication sont prioritaires Le 18 octobre 2025, une tempête de poussière a réduit la production solaire de 34 % en quinze minutes. La température de l'armoire de batteries a augmenté de 8 °C. tandis que le ventilateur de l'onduleur produisait une vibration anormale Au lieu d'arrêter la station. le système a coupé le chauffage secondaire, réduit certains éclairages et démarré le groupe de secours. Il a identifié trois causes possibles des débris sur les panneaux, un roulement usé et une résistance croissante dans un connecteur de batterie Après la tempête, une caméra portée sur la tête a lu.les plaques et les codes d'alarme, puis un processeur local les a comparés au manuel hors ligne Aucune image sensible n'a été envoyée dans le nuage Le
============================================================

[REGIONS] Detected 3 text region(s): 1 title, 0 heading(s), 2 paragraph(s)
  TITLE | type=page_title | 1 line(s) | confidence=0.996 | at the top of the page
    Surveillance autonome d'une station énergétique isolée
  P1 | type=paragraph | 9 line(s) | confidence=0.991 | in the upper part of the page
    Sur un plateau difficile d'accès, une station alimente un dispensaire un relais radio, des instruments météorologiques et l'éclairage de sécurité Le micro-réseau réunit des panneaux solaires, des batteries au lithium et un petit générateur diesel Comme la route peut rester fermée plusieurs jours, un contrôleur mesure la tension, le courant. la température et les vibrations toutes les 200 millisecondes. Les données détaillées restent sur place: seul un résumé compressé est transmis lorsque la liaison fonctionne Les équipements médicaux et de communication sont prioritaires
  P2 | type=paragraph | 11 line(s) | confidence=0.989 | in the middle of the page
    Le 18 octobre 2025, une tempête de poussière a réduit la production solaire de 34 % en quinze minutes. La température de l'armoire de batteries a augmenté de 8 °C. tandis que le ventilateur de l'onduleur produisait une vibration anormale Au lieu d'arrêter la station. le système a coupé le chauffage secondaire, réduit certains éclairages et démarré le groupe de secours. Il a identifié trois causes possibles des débris sur les panneaux, un roulement usé et une résistance croissante dans un connecteur de batterie Après la tempête, une caméra portée sur la tête a lu.les plaques et les codes d'alarme, puis un processeur local les a comparés au manuel hors ligne Aucune image sensible n'a été envoyée dans le nuage Le
[STAGE 2] 3 regions, 9 NLLB chunks, french -> english: 0.758s

============================================================
  CLASSIFIED REGION TRANSLATIONS (English) — NLLB 1.3B
============================================================
[TITLE] Self-monitoring of an isolated power station
[P1] On a difficult-to-reach plateau, a station feeds a dispensary a radio relay, weather instruments and safety lighting The micro-network brings together solar panels, lithium batteries and a small diesel generator As the road may remain closed for several days, a controller measures the voltage, current. temperature and vibration every 200 milliseconds. Detailed data remains in place: only a compressed summary is transmitted when the link is operational Medical and communication equipment is a priority
[P2] On October 18, 2025, a dust storm reduced solar output by 34 percent in fifteen minutes. The temperature of the battery compartment has risen by 8°C. While the inverter fan was producing an abnormal vibration instead of shutting down the station. The system turned off the secondary heating, reduced some of the lights and started the rescue group. He identified three possible causes of the debris on the panels, a worn bearing and increasing resistance in a battery connector. After the storm, a head-worn camera read the license plates and alarm codes, then a local processor compared them to the offline manual.
============================================================

[STAGE 2.5] No sufficiently confident corrections; original preserved (0.013s)
  [DEBUG] Overlay saved  → C:\Users\ali\Desktop\FYDP\New\Project\1Pipeline\final\working\Ahead\Further Box AutoCapture\working model\paragraph_test_outputs\run_003_20260915_124737_overlay.jpg
  [DEBUG] OCR log saved  → C:\Users\ali\Desktop\FYDP\New\Project\1Pipeline\final\working\Ahead\Further Box AutoCapture\working model\paragraph_test_outputs\run_003_20260915_124737_ocr.txt
[STAGE 3] Speaking 3 classified region(s) in reading order … (A pause/resume, S stop, R repeat, N next, P previous)
[STAGE 3] TITLE — at the top of the page
[STAGE 3] P1 — in the upper part of the page
[STAGE 3] Region TTS stopped after 14.957s

────────────────────────────────────────
  ⏱  TIMING BREAKDOWN
────────────────────────────────────────
  OCR          : 0.422s
  Translation  : 0.758s
  Spell Corr   : 0.013s
  TTS Playback : 14.957s
────────────────────────────────────────
  TOTAL        : 16.811s
────────────────────────────────────────

  Ready for next capture!


[QUALITY] Box6 text-envelope capture guidance active …
[QUALITY] Checking all printed text, focus, lighting, and image motion.
[QUALITY] Three good frames in the latest four are required. S force-captures.
  [OBS 001] state=blurry, rows=25/25, age=0.30s, edges=B, bandLap=93, lineLap=106, lightStd=15.6, belowText=0.0, motion=0.00, stable=0/3
  [OBS 002] state=look_down, rows=26/26, age=0.11s, edges=B, bandLap=117, lineLap=128, lightStd=15.4, belowText=0.0, motion=0.16, stable=0/3
  [OBS 003] state=look_down, rows=25/26, age=0.14s, edges=B, bandLap=427, lineLap=521, lightStd=14.8, belowText=0.0, motion=0.44, stable=0/3
  [GUIDANCE] Look down for the bottom text.
  [OBS 004] state=look_down, rows=24/26, age=0.25s, edges=B, bandLap=649, lineLap=822, lightStd=16.2, belowText=0.0, motion=0.08, stable=0/3
  [OBS 005] state=look_down, rows=23/26, age=0.28s, edges=B, bandLap=867, lineLap=922, lightStd=16.0, belowText=0.0, motion=0.13, stable=0/3
  [OBS 006] state=look_down, rows=25/26, age=0.11s, edges=B, bandLap=1043, lineLap=1372, lightStd=15.9, belowText=0.0, motion=0.30, stable=0/3
  [OBS 007] state=look_down, rows=25/26, age=0.12s, edges=B, bandLap=1200, lineLap=1570, lightStd=15.4, belowText=0.0, motion=0.25, stable=0/3
  [OBS 008] state=look_down, rows=25/25, age=0.28s, edges=B, bandLap=1061, lineLap=1417, lightStd=15.9, belowText=0.0, motion=0.05, stable=0/3
  [OBS 009] state=look_down, rows=25/25, age=0.28s, edges=B, bandLap=212, lineLap=278, lightStd=14.7, belowText=0.0, motion=0.39, stable=0/3
  [OBS 010] state=look_down, rows=24/25, age=0.11s, edges=B, bandLap=672, lineLap=823, lightStd=12.7, belowText=0.0, motion=0.96, stable=0/3
  [GUIDANCE] Look down for the bottom text.
  [OBS 011] state=blurry, rows=2/25, age=0.09s, edges=B, bandLap=66, lineLap=86, lightStd=8.3, belowText=6.9, motion=0.73, stable=0/3
  [OBS 012] state=blurry, rows=3/25, age=0.11s, edges=none, bandLap=97, lineLap=129, lightStd=4.5, belowText=4.7, motion=0.80, stable=0/3
  [OBS 013] state=page_not_found, rows=0/25, age=0.08s, edges=none, bandLap=14, lineLap=0, lightStd=0.0, belowText=0.0, motion=0.99, stable=0/3
  [OBS 014] state=hold_still, rows=0/25, age=0.23s, edges=none, bandLap=20, lineLap=0, lightStd=0.0, belowText=0.0, motion=2.77, stable=0/3
  [OBS 015] state=hold_still, rows=33/27, age=0.17s, edges=none, bandLap=152, lineLap=141, lightStd=6.9, belowText=1.3, motion=4.34, stable=0/3
  [GUIDANCE] Hold still.
  [OBS 016] state=almost_ready, rows=33/33, age=0.16s, edges=none, bandLap=139, lineLap=153, lightStd=12.9, belowText=0.9, motion=0.07, stable=1/3
  [STABLE HOLD] One soft failure retained; 1/3 good frames remain.
  [OBS 017] state=blurry, rows=17/33, age=0.11s, edges=none, bandLap=72, lineLap=92, lightStd=14.5, belowText=1.0, motion=1.03, stable=1/3
  [STABLE HOLD] One soft failure retained; 1/3 good frames remain.
  [OBS 018] state=hold_still, rows=26/32, age=0.19s, edges=none, bandLap=183, lineLap=292, lightStd=13.7, belowText=0.6, motion=2.11, stable=1/3
  [OBS 019] state=almost_ready, rows=33/33, age=0.25s, edges=none, bandLap=348, lineLap=363, lightStd=16.1, belowText=0.8, motion=0.09, stable=2/3
  [OBS 020] state=almost_ready, rows=32/33, age=0.28s, edges=none, bandLap=377, lineLap=593, lightStd=15.6, belowText=0.7, motion=0.26, stable=2/3
  [GUIDANCE] Ready.
  [OBS 021] state=almost_ready, rows=33/33, age=0.28s, edges=none, bandLap=592, lineLap=727, lightStd=16.6, belowText=0.7, motion=0.12, stable=3/3

[QUALITY] ✅ Three of the latest four observations passed; capturing analyzed frame #2057.

────────────────────────────────────────────────────────────
  RUN #4
────────────────────────────────────────────────────────────

  💾 Saved → C:\Users\ali\Desktop\FYDP\New\Project\pics\captured\capture_cli_004_20260915_124817.jpg
[POST-CAPTURE] LapVar=76.7, score components: sharp=4, bright=30, even=9
[POST-CAPTURE] Rejected: saved frame is too soft for reliable OCR (76.7 < 100).

[QUALITY] Box6 text-envelope capture guidance active …
[QUALITY] Checking all printed text, focus, lighting, and image motion.
[QUALITY] Three good frames in the latest four are required. S force-captures.
  [OBS 001] state=look_up, rows=33/33, age=0.23s, edges=T, bandLap=267, lineLap=347, lightStd=13.5, belowText=1.2, motion=0.00, stable=0/3
  [OBS 002] state=look_up, rows=32/33, age=0.17s, edges=T, bandLap=518, lineLap=675, lightStd=13.3, belowText=1.2, motion=0.06, stable=0/3
  [GUIDANCE] Look up for the top text.
  [OBS 003] state=look_up, rows=33/33, age=0.16s, edges=T, bandLap=662, lineLap=860, lightStd=13.9, belowText=1.0, motion=0.03, stable=0/3
  [OBS 004] state=look_up, rows=33/33, age=0.12s, edges=T, bandLap=454, lineLap=566, lightStd=15.5, belowText=1.1, motion=0.05, stable=0/3
  [OBS 005] state=look_up, rows=33/33, age=0.12s, edges=T, bandLap=236, lineLap=335, lightStd=14.7, belowText=0.9, motion=0.06, stable=0/3
  [OBS 006] state=hold_still, rows=0/33, age=0.08s, edges=none, bandLap=73, lineLap=0, lightStd=0.0, belowText=0.0, motion=6.95, stable=0/3
  [OBS 007] state=look_down, rows=23/33, age=0.28s, edges=B, bandLap=513, lineLap=580, lightStd=11.9, belowText=0.0, motion=0.24, stable=0/3
  [OBS 008] state=look_down, rows=23/33, age=0.12s, edges=B, bandLap=883, lineLap=1017, lightStd=11.4, belowText=0.0, motion=0.40, stable=0/3
  [GUIDANCE] Look down for the bottom text.
  [OBS 009] state=look_down, rows=24/33, age=0.12s, edges=B, bandLap=1168, lineLap=1360, lightStd=11.0, belowText=0.0, motion=0.35, stable=0/3
  [OBS 010] state=look_down, rows=24/33, age=0.17s, edges=B, bandLap=769, lineLap=926, lightStd=11.2, belowText=0.0, motion=0.12, stable=0/3
  [OBS 011] state=hold_still, rows=0/33, age=0.28s, edges=none, bandLap=10, lineLap=0, lightStd=0.0, belowText=0.0, motion=3.52, stable=0/3
  [OBS 012] state=hold_still, rows=24/33, age=0.14s, edges=T, bandLap=397, lineLap=669, lightStd=12.7, belowText=1.2, motion=7.57, stable=0/3
  [GUIDANCE] Hold still.
  [OBS 013] state=look_up, rows=26/33, age=0.17s, edges=T, bandLap=534, lineLap=634, lightStd=12.4, belowText=1.2, motion=0.51, stable=0/3
  [OBS 014] state=look_up, rows=27/33, age=0.23s, edges=T, bandLap=628, lineLap=984, lightStd=13.7, belowText=1.2, motion=0.15, stable=0/3
  [GUIDANCE] Look up for the top text.
  [OBS 015] state=look_up, rows=26/33, age=0.30s, edges=T, bandLap=537, lineLap=639, lightStd=12.9, belowText=1.2, motion=0.11, stable=0/3
  [OBS 016] state=look_up, rows=27/33, age=0.14s, edges=T, bandLap=568, lineLap=702, lightStd=13.3, belowText=1.3, motion=0.52, stable=0/3
  [OBS 017] state=look_up, rows=25/32, age=0.11s, edges=T, bandLap=219, lineLap=261, lightStd=15.7, belowText=1.0, motion=0.25, stable=0/3
  [OBS 018] state=hold_still, rows=28/28, age=0.20s, edges=B, bandLap=203, lineLap=287, lightStd=16.2, belowText=0.0, motion=4.05, stable=0/3
  [OBS 019] state=look_down, rows=33/28, age=0.28s, edges=B, bandLap=251, lineLap=334, lightStd=16.8, belowText=0.0, motion=0.59, stable=0/3
  [OBS 020] state=look_down, rows=32/32, age=0.09s, edges=B, bandLap=982, lineLap=1193, lightStd=17.5, belowText=0.0, motion=0.23, stable=0/3
  [GUIDANCE] Look down for the bottom text.
  [OBS 021] state=almost_ready, rows=32/32, age=0.14s, edges=none, bandLap=560, lineLap=754, lightStd=16.6, belowText=0.9, motion=0.25, stable=1/3
  [OBS 022] state=almost_ready, rows=32/32, age=0.16s, edges=none, bandLap=803, lineLap=1000, lightStd=17.7, belowText=0.8, motion=0.11, stable=2/3
  [GUIDANCE] Ready.
  [STABLE HOLD] Cleared by a confirmed text-edge or unreadable-text failure.
  [OBS 023] state=page_not_found, rows=0/32, age=0.16s, edges=none, bandLap=16, lineLap=0, lightStd=0.0, belowText=0.0, motion=0.82, stable=0/3
  [OBS 024] state=blurry, rows=16/32, age=0.25s, edges=none, bandLap=132, lineLap=158, lightStd=9.4, belowText=3.9, motion=2.40, stable=0/3
  [OBS 025] state=hold_still, rows=27/32, age=0.09s, edges=T, bandLap=150, lineLap=171, lightStd=15.8, belowText=0.8, motion=1.52, stable=0/3
  [OBS 026] state=look_up, rows=27/32, age=0.14s, edges=T, bandLap=592, lineLap=704, lightStd=14.8, belowText=0.8, motion=0.12, stable=0/3
  [OBS 027] state=look_up, rows=28/32, age=0.09s, edges=T, bandLap=581, lineLap=639, lightStd=14.8, belowText=0.8, motion=0.08, stable=0/3
  [GUIDANCE] Look up for the top text.
  [OBS 028] state=look_up, rows=27/32, age=0.17s, edges=T, bandLap=879, lineLap=991, lightStd=16.2, belowText=0.8, motion=0.08, stable=0/3
  [OBS 029] state=look_up, rows=27/32, age=0.19s, edges=T, bandLap=454, lineLap=534, lightStd=15.4, belowText=0.8, motion=0.04, stable=0/3
  [OBS 030] state=hold_still, rows=33/33, age=0.25s, edges=none, bandLap=172, lineLap=183, lightStd=19.1, belowText=0.8, motion=2.23, stable=0/3
  [OBS 031] state=look_down, rows=34/33, age=0.24s, edges=B, bandLap=163, lineLap=190, lightStd=18.4, belowText=0.8, motion=0.04, stable=0/3
  [OBS 032] state=hold_still, rows=28/33, age=0.09s, edges=B, bandLap=187, lineLap=284, lightStd=13.8, belowText=0.0, motion=1.48, stable=0/3
  [OBS 033] state=look_down, rows=31/33, age=0.11s, edges=B, bandLap=874, lineLap=1135, lightStd=15.6, belowText=0.0, motion=0.19, stable=0/3
  [OBS 034] state=look_down, rows=29/33, age=0.09s, edges=B, bandLap=1140, lineLap=1316, lightStd=17.1, belowText=0.0, motion=0.09, stable=0/3
  [GUIDANCE] Look down for the bottom text.
  [OBS 035] state=look_down, rows=32/33, age=0.24s, edges=B, bandLap=1286, lineLap=1422, lightStd=15.8, belowText=0.0, motion=0.14, stable=0/3
  [OBS 036] state=look_down, rows=33/33, age=0.09s, edges=B, bandLap=925, lineLap=1086, lightStd=17.6, belowText=0.0, motion=0.37, stable=0/3
  [OBS 037] state=look_down, rows=33/33, age=0.08s, edges=B, bandLap=900, lineLap=1003, lightStd=17.9, belowText=0.0, motion=0.04, stable=0/3
  [OBS 038] state=blurry, rows=32/33, age=0.09s, edges=B, bandLap=540, lineLap=714, lightStd=18.4, belowText=5.0, motion=0.16, stable=0/3
  [OBS 039] state=hold_still, rows=32/33, age=0.19s, edges=T, bandLap=329, lineLap=407, lightStd=18.7, belowText=0.9, motion=2.62, stable=0/3
  [OBS 040] state=almost_ready, rows=33/33, age=0.26s, edges=none, bandLap=494, lineLap=585, lightStd=19.6, belowText=1.3, motion=0.66, stable=1/3
  [STABLE HOLD] Cleared by a confirmed text-edge or unreadable-text failure.
  [OBS 041] state=look_up, rows=33/33, age=0.30s, edges=T, bandLap=409, lineLap=559, lightStd=19.5, belowText=1.1, motion=0.15, stable=0/3
  [OBS 042] state=look_up, rows=33/33, age=0.14s, edges=T, bandLap=1146, lineLap=1488, lightStd=19.9, belowText=1.2, motion=0.03, stable=0/3
  [GUIDANCE] Look up for the top text.
  [OBS 043] state=look_up, rows=33/33, age=0.11s, edges=T, bandLap=838, lineLap=1274, lightStd=19.4, belowText=1.2, motion=0.11, stable=0/3
  [OBS 044] state=look_up, rows=33/33, age=0.14s, edges=T, bandLap=919, lineLap=1301, lightStd=19.7, belowText=1.1, motion=0.13, stable=0/3
  [OBS 045] state=hold_still, rows=0/33, age=0.28s, edges=none, bandLap=12, lineLap=0, lightStd=0.0, belowText=0.0, motion=7.54, stable=0/3
  [OBS 046] state=hold_still, rows=0/33, age=0.06s, edges=none, bandLap=167, lineLap=0, lightStd=0.0, belowText=0.0, motion=4.16, stable=0/3
  [GUIDANCE] Hold still.
  [OBS 047] state=page_not_found, rows=0/33, age=0.08s, edges=none, bandLap=93, lineLap=0, lightStd=0.0, belowText=0.0, motion=0.74, stable=0/3
  [OBS 048] state=page_not_found, rows=0/33, age=0.12s, edges=none, bandLap=171, lineLap=0, lightStd=0.0, belowText=0.0, motion=0.77, stable=0/3
  [GUIDANCE] Find the printed text.
  [OBS 049] state=hold_still, rows=0/33, age=0.11s, edges=none, bandLap=30, lineLap=0, lightStd=0.0, belowText=0.0, motion=5.63, stable=0/3
  [OBS 050] state=page_not_found, rows=0/33, age=0.23s, edges=none, bandLap=21, lineLap=0, lightStd=0.0, belowText=0.0, motion=0.03, stable=0/3
  [OBS 051] state=look_down, rows=29/33, age=0.14s, edges=B, bandLap=188, lineLap=263, lightStd=11.5, belowText=0.0, motion=0.99, stable=0/3
  [OBS 052] state=look_down, rows=29/33, age=0.14s, edges=B, bandLap=246, lineLap=315, lightStd=11.4, belowText=0.0, motion=0.35, stable=0/3
  [GUIDANCE] Look down for the bottom text.
  [OBS 053] state=look_down, rows=29/33, age=0.12s, edges=B, bandLap=288, lineLap=334, lightStd=10.3, belowText=0.0, motion=0.11, stable=0/3
  [OBS 054] state=look_down, rows=30/33, age=0.11s, edges=B, bandLap=224, lineLap=314, lightStd=10.9, belowText=0.0, motion=0.10, stable=0/3
  [OBS 055] state=blurry, rows=25/33, age=0.17s, edges=T, bandLap=60, lineLap=56, lightStd=14.0, belowText=1.2, motion=3.14, stable=0/3
  [OBS 056] state=look_up, rows=29/33, age=0.26s, edges=T, bandLap=185, lineLap=212, lightStd=13.6, belowText=1.1, motion=0.46, stable=0/3
  [OBS 057] state=look_up, rows=30/33, age=0.31s, edges=T, bandLap=244, lineLap=328, lightStd=14.2, belowText=1.1, motion=0.04, stable=0/3
  [OBS 058] state=look_up, rows=29/33, age=0.28s, edges=T, bandLap=155, lineLap=202, lightStd=13.2, belowText=1.0, motion=0.24, stable=0/3
  [GUIDANCE] Look up for the top text.
  [OBS 059] state=blurry, rows=29/33, age=0.16s, edges=T, bandLap=89, lineLap=166, lightStd=12.3, belowText=0.9, motion=0.12, stable=0/3
  [OBS 060] state=blurry, rows=30/33, age=0.08s, edges=T, bandLap=106, lineLap=159, lightStd=12.4, belowText=1.0, motion=0.34, stable=0/3
  [OBS 061] state=look_up, rows=31/33, age=0.26s, edges=T, bandLap=1327, lineLap=1712, lightStd=12.4, belowText=1.2, motion=0.17, stable=0/3
  [OBS 062] state=look_up, rows=32/33, age=0.17s, edges=T, bandLap=1781, lineLap=2197, lightStd=12.4, belowText=1.5, motion=0.33, stable=0/3
  [OBS 063] state=look_up, rows=31/33, age=0.12s, edges=T, bandLap=901, lineLap=1131, lightStd=13.1, belowText=1.5, motion=0.62, stable=0/3
  [OBS 064] state=blurry, rows=14/32, age=0.17s, edges=B, bandLap=152, lineLap=190, lightStd=8.8, belowText=9.4, motion=4.95, stable=0/3
  [OBS 065] state=hold_still, rows=0/32, age=0.16s, edges=none, bandLap=7, lineLap=0, lightStd=0.0, belowText=0.0, motion=1.77, stable=0/3
  [OBS 066] state=hold_still, rows=0/32, age=0.17s, edges=none, bandLap=9, lineLap=0, lightStd=0.0, belowText=0.0, motion=7.26, stable=0/3
  [GUIDANCE] Hold still.
  [OBS 067] state=hold_still, rows=0/32, age=0.28s, edges=none, bandLap=29, lineLap=0, lightStd=0.0, belowText=0.0, motion=4.82, stable=0/3
  [OBS 068] state=hold_still, rows=0/32, age=0.25s, edges=none, bandLap=15, lineLap=0, lightStd=0.0, belowText=0.0, motion=5.88, stable=0/3
  [OBS 069] state=page_not_found, rows=0/32, age=0.09s, edges=none, bandLap=34, lineLap=0, lightStd=0.0, belowText=0.0, motion=0.03, stable=0/3
  [OBS 070] state=hold_still, rows=0/32, age=0.06s, edges=none, bandLap=13, lineLap=0, lightStd=0.0, belowText=0.0, motion=5.47, stable=0/3
  [OBS 071] state=hold_still, rows=0/32, age=0.09s, edges=none, bandLap=23, lineLap=0, lightStd=0.0, belowText=0.0, motion=2.52, stable=0/3
  [OBS 072] state=hold_still, rows=0/32, age=0.22s, edges=none, bandLap=23, lineLap=0, lightStd=0.0, belowText=0.0, motion=6.11, stable=0/3
  [OBS 073] state=hold_still, rows=0/32, age=0.19s, edges=none, bandLap=25, lineLap=0, lightStd=0.0, belowText=0.0, motion=5.00, stable=0/3
  [GUIDANCE] Hold still.
  [OBS 074] state=hold_still, rows=0/32, age=0.06s, edges=none, bandLap=5, lineLap=0, lightStd=0.0, belowText=0.0, motion=3.90, stable=0/3
  [OBS 075] state=blurry, rows=0/32, age=0.14s, edges=none, bandLap=6, lineLap=0, lightStd=0.0, belowText=0.0, motion=0.01, stable=0/3
  [OBS 076] state=page_not_found, rows=0/32, age=0.19s, edges=none, bandLap=5, lineLap=0, lightStd=0.0, belowText=0.0, motion=0.02, stable=0/3
  [OBS 077] state=blurry, rows=4/32, age=0.25s, edges=L, bandLap=26, lineLap=31, lightStd=15.7, belowText=2.7, motion=6.79, stable=0/3
  [OBS 078] state=hold_still, rows=4/31, age=0.11s, edges=LB, bandLap=254, lineLap=358, lightStd=4.6, belowText=0.0, motion=5.87, stable=0/3
  [OBS 079] state=blurry, rows=5/31, age=0.09s, edges=LB, bandLap=61, lineLap=62, lightStd=5.7, belowText=10.0, motion=4.20, stable=0/3
  [OBS 080] state=blurry, rows=12/31, age=0.20s, edges=TB, bandLap=120, lineLap=91, lightStd=13.9, belowText=0.0, motion=7.91, stable=0/3
  [GUIDANCE] Text is blurry. Adjust distance.
  [OBS 081] state=blurry, rows=3/31, age=0.12s, edges=B, bandLap=19, lineLap=31, lightStd=15.7, belowText=0.0, motion=1.85, stable=0/3
  [OBS 082] state=hold_still, rows=0/31, age=0.17s, edges=none, bandLap=52, lineLap=0, lightStd=0.0, belowText=0.0, motion=4.53, stable=0/3
  [OBS 083] state=hold_still, rows=14/31, age=0.26s, edges=B, bandLap=712, lineLap=506, lightStd=13.9, belowText=0.0, motion=4.65, stable=0/3
  [GUIDANCE] Hold still.
  [OBS 084] state=blurry, rows=14/31, age=0.27s, edges=T, bandLap=432, lineLap=250, lightStd=12.4, belowText=6.1, motion=2.57, stable=0/3
  [OBS 085] state=hold_still, rows=17/31, age=0.20s, edges=B, bandLap=1947, lineLap=2287, lightStd=13.5, belowText=0.0, motion=5.03, stable=0/3
  [OBS 086] state=hold_still, rows=22/31, age=0.11s, edges=TB, bandLap=169, lineLap=234, lightStd=17.6, belowText=0.0, motion=1.14, stable=0/3
  [OBS 087] state=hold_still, rows=26/31, age=0.16s, edges=B, bandLap=954, lineLap=776, lightStd=13.0, belowText=25.0, motion=2.12, stable=0/3
  [OBS 088] state=hold_still, rows=24/31, age=0.25s, edges=B, bandLap=1773, lineLap=890, lightStd=10.3, belowText=0.0, motion=2.82, stable=0/3
  [OBS 089] state=look_down, rows=20/31, age=0.26s, edges=B, bandLap=2039, lineLap=1687, lightStd=9.9, belowText=0.0, motion=0.45, stable=0/3
  [OBS 090] state=look_down, rows=26/30, age=0.17s, edges=B, bandLap=1968, lineLap=2191, lightStd=9.2, belowText=0.0, motion=0.18, stable=0/3
  [GUIDANCE] Look down for the bottom text.
  [OBS 091] state=look_down, rows=25/26, age=0.08s, edges=B, bandLap=2460, lineLap=2604, lightStd=9.0, belowText=0.0, motion=0.66, stable=0/3
  [OBS 092] state=look_down, rows=25/26, age=0.17s, edges=B, bandLap=2228, lineLap=2673, lightStd=9.3, belowText=0.0, motion=0.01, stable=0/3
  [OBS 093] state=hold_still, rows=26/26, age=0.30s, edges=TB, bandLap=1824, lineLap=1587, lightStd=8.7, belowText=0.0, motion=2.87, stable=0/3
  [OBS 094] state=blurry, rows=27/26, age=0.14s, edges=TB, bandLap=302, lineLap=418, lightStd=10.5, belowText=4.8, motion=2.13, stable=0/3
  [OBS 095] state=look_up, rows=19/26, age=0.09s, edges=T, bandLap=908, lineLap=961, lightStd=9.7, belowText=5.8, motion=0.17, stable=0/3
  [OBS 096] state=move_back, rows=22/26, age=0.12s, edges=TB, bandLap=854, lineLap=1191, lightStd=9.5, belowText=6.1, motion=0.24, stable=0/3
  [OBS 097] state=move_back, rows=21/26, age=0.09s, edges=TB, bandLap=1331, lineLap=1103, lightStd=7.3, belowText=7.9, motion=0.27, stable=0/3
  [GUIDANCE] Move back so all text fits.
  [OBS 098] state=move_back, rows=19/26, age=0.16s, edges=TB, bandLap=951, lineLap=728, lightStd=8.1, belowText=6.1, motion=0.07, stable=0/3
  [OBS 099] state=look_up, rows=21/26, age=0.25s, edges=T, bandLap=1242, lineLap=1065, lightStd=7.4, belowText=9.9, motion=0.14, stable=0/3
  [OBS 100] state=look_up, rows=22/26, age=0.16s, edges=T, bandLap=904, lineLap=759, lightStd=11.3, belowText=2.5, motion=0.08, stable=0/3
  [GUIDANCE] Look up for the top text.
  [OBS 101] state=look_up, rows=21/26, age=0.12s, edges=T, bandLap=903, lineLap=795, lightStd=11.4, belowText=1.9, motion=0.02, stable=0/3
  [OBS 102] state=look_up, rows=22/26, age=0.11s, edges=T, bandLap=1069, lineLap=1010, lightStd=11.8, belowText=2.4, motion=0.04, stable=0/3
  [OBS 103] state=hold_still, rows=22/26, age=0.16s, edges=T, bandLap=708, lineLap=565, lightStd=12.4, belowText=3.6, motion=1.39, stable=0/3
  [OBS 104] state=hold_still, rows=24/26, age=0.28s, edges=none, bandLap=170, lineLap=230, lightStd=14.8, belowText=0.8, motion=1.00, stable=0/3
  [GUIDANCE] Hold still.
  [OBS 105] state=look_down, rows=34/27, age=0.22s, edges=B, bandLap=1081, lineLap=1364, lightStd=13.5, belowText=1.3, motion=0.28, stable=0/3
  [OBS 106] state=look_down, rows=34/33, age=0.22s, edges=B, bandLap=1173, lineLap=1531, lightStd=15.7, belowText=0.0, motion=0.06, stable=0/3
  [GUIDANCE] Look down for the bottom text.
  [OBS 107] state=look_down, rows=34/34, age=0.06s, edges=B, bandLap=1445, lineLap=1662, lightStd=15.5, belowText=0.0, motion=0.08, stable=0/3
  [OBS 108] state=look_down, rows=34/34, age=0.11s, edges=B, bandLap=1366, lineLap=1699, lightStd=16.1, belowText=0.0, motion=0.03, stable=0/3
  [OBS 109] state=look_down, rows=34/34, age=0.16s, edges=B, bandLap=1043, lineLap=1207, lightStd=15.9, belowText=1.1, motion=0.21, stable=0/3
  [OBS 110] state=almost_ready, rows=34/34, age=0.24s, edges=none, bandLap=767, lineLap=1019, lightStd=16.4, belowText=1.0, motion=0.43, stable=1/3
  [OBS 111] state=almost_ready, rows=33/34, age=0.11s, edges=none, bandLap=1172, lineLap=1523, lightStd=15.9, belowText=1.1, motion=0.24, stable=2/3
  [GUIDANCE] Ready.
  [OBS 112] state=almost_ready, rows=34/34, age=0.19s, edges=none, bandLap=1356, lineLap=1523, lightStd=16.1, belowText=1.0, motion=0.03, stable=3/3

[QUALITY] ✅ Three of the latest four observations passed; capturing analyzed frame #3048.

────────────────────────────────────────────────────────────
  RUN #5
────────────────────────────────────────────────────────────

  💾 Saved → C:\Users\ali\Desktop\FYDP\New\Project\pics\captured\capture_cli_005_20260915_124939.jpg
[POST-CAPTURE] LapVar=159.6, score components: sharp=17, bright=30, even=12
[STAGE 1] Raw grayscale preprocessing and PaddleOCR ...
[STAGE 1] OCR complete in 0.640s (32 detections, 32 lines, 5 regions)

============================================================
  EXTRACTED TEXT
============================================================
Paragraph-Level Translation and Spoken Guidance Reading a complete translated page as uninterrupted speech creates a serious usability problem. The listener hears the meaning but cannot tell which original line or paragraph is currently being spoken. This becomes especially confusing on technical documents containing warnings, numbered procedures labels, and tables. A wearable translator should preserve the connection between physical text and audio. The processing pipeline therefore retains the coordinates returned by optical character recognition and groups nearby lines into meaningful regions Each region becomes a separate translation unit instead of sending the entire page to the language model at once Reading order is determined from position, alignment, and spacing Lines that share a similar left edge and remain within a reasonable vertical distance are combined Large gaps, headings, bullet points, and changes in indentation begin new groups The original coordinates remain attached to every translated sentence During development, the selected paragraph is surrounded by a coloured box in the preview. In the wearable version, a short tone and a spoken paragraph number announce the same transition. The user can move forward, go back, repeat, pause, or stop with a small physical control or a limited voice command set Speech is generated only after a paragraph passes basic checks Empty results and very low recognition confidence request another image Extremely long regions are divided at sentence boundaries, while short neighbouring lines may be joined so the voice does not pause after every label fragment Numbers, units, dates and warning symbols receive special attention because a fluent sentence can still be dangerous when source paragraph first and the translated paragraph second This to notice recognition mistakes before acting on the result
============================================================

[REGIONS] Detected 5 text region(s): 1 title, 1 heading(s), 3 paragraph(s)
  TITLE | type=page_title | 1 line(s) | confidence=1.000 | at the top of the page
    Paragraph-Level Translation and Spoken Guidance
  P1 | type=paragraph | 11 line(s) | confidence=0.996 | in the upper part of the page
    Reading a complete translated page as uninterrupted speech creates a serious usability problem. The listener hears the meaning but cannot tell which original line or paragraph is currently being spoken. This becomes especially confusing on technical documents containing warnings, numbered procedures labels, and tables. A wearable translator should preserve the connection between physical text and audio. The processing pipeline therefore retains the coordinates returned by optical character recognition and groups nearby lines into meaningful regions Each region becomes a separate translation unit instead of sending the entire page to the language model at once
  P2 | type=paragraph | 11 line(s) | confidence=0.990 | in the middle of the page
    Reading order is determined from position, alignment, and spacing Lines that share a similar left edge and remain within a reasonable vertical distance are combined Large gaps, headings, bullet points, and changes in indentation begin new groups The original coordinates remain attached to every translated sentence During development, the selected paragraph is surrounded by a coloured box in the preview. In the wearable version, a short tone and a spoken paragraph number announce the same transition. The user can move forward, go back, repeat, pause, or stop with a small physical control or a limited voice command set
  P3 | type=paragraph | 8 line(s) | confidence=0.991 | in the lower part of the page
    Speech is generated only after a paragraph passes basic checks Empty results and very low recognition confidence request another image Extremely long regions are divided at sentence boundaries, while short neighbouring lines may be joined so the voice does not pause after every label fragment Numbers, units, dates and warning symbols receive special attention because a fluent sentence can still be dangerous when source paragraph first and the translated paragraph second This
  H1 | type=section_heading | 1 line(s) | confidence=0.980 | at the bottom of the page
    to notice recognition mistakes before acting on the result
[STAGE 2] 5 regions, 11 NLLB chunks, french -> english: 1.006s

============================================================
  CLASSIFIED REGION TRANSLATIONS (English) — NLLB 1.3B
============================================================
[TITLE] Paragraph-level translation and spoken guidance
[P1] Reading a complete translated page as uninterrupted speech creates a serious usability problem. The listener hears the meaning but cannot tell which original line or paragraph is currently being spoken. This becomes especially confusing on technical documents containing warnings, numbered procedures labels, and tables. A wearable translator should preserve the connection between physical text and audio. The processing pipeline therefore retains the coordinates returned by optical character recognition and groups nearby lines into meaningful regions Each region becomes a separate translation unit instead of sending the entire page to the language model at once
[P2] Reading order is determined from position, alignment, and spacing Lines that share a similar left edge and remain within a reasonable vertical distance are combined Large gaps, headings, bullet points, and changes in indentation begin new groups The original coordinates remain attached to every translated sentence During development, the selected paragraph is surrounded by a coloured box in the preview. In the wearable version, a short tone and a spoken paragraph number announce the same transition. The user can move forward, go back, repeat, pause, or stop with a small physical control or a limited voice command set
[P3] Speech is generated only after a paragraph passes basic checks Empty results and very low recognition confidence request another image Extremely long regions are divided at sentence boundaries, while short neighbouring lines may be joined so the voice does not pause after every label fragment Numbers, units, dates and warning symbols receive special attention because a fluent sentence can still be dangerous when source paragraph first and the translated paragraph second This
[H1] to notice recognition mistakes before acting on the result
============================================================

[STAGE 2.5] No sufficiently confident corrections; original preserved (0.009s)
  [DEBUG] Overlay saved  → C:\Users\ali\Desktop\FYDP\New\Project\1Pipeline\final\working\Ahead\Further Box AutoCapture\working model\paragraph_test_outputs\run_005_20260915_124941_overlay.jpg
  [DEBUG] OCR log saved  → C:\Users\ali\Desktop\FYDP\New\Project\1Pipeline\final\working\Ahead\Further Box AutoCapture\working model\paragraph_test_outputs\run_005_20260915_124941_ocr.txt
[STAGE 3] Speaking 5 classified region(s) in reading order … (A pause/resume, S stop, R repeat, N next, P previous)
[STAGE 3] TITLE — at the top of the page
[STAGE 3] P1 — in the upper part of the page
[STAGE 3] P2 — in the middle of the page
[STAGE 3] Region TTS stopped after 63.877s

────────────────────────────────────────
  ⏱  TIMING BREAKDOWN
────────────────────────────────────────
  OCR          : 0.640s
  Translation  : 1.006s
  Spell Corr   : 0.009s
  TTS Playback : 63.877s
────────────────────────────────────────
  TOTAL        : 66.190s
────────────────────────────────────────

  Ready for next capture!

