[LOAD] Pre-loading Piper TTS voice …
[TTS] Loading voice: en_US-lessac-medium …
[TTS] Voice ready.
[AUDIO] Pre-synthesizing real-time guidance prompts …
[AUDIO] 14 spoken guidance clips ready.
[LOAD] TTS ready in 1.62s
[LOAD] OCR language audit: chinese -> PaddleOCR lang='ch'
[LOAD] Initializing PaddleOCR (onnxruntime, gpu) …
[32mCreating model: ('PP-OCRv6_medium_det', 'C:\\Users\\ali/.paddlex/official_models\\PP-OCRv6_medium_det_onnx', 'onnxruntime')[0m
[32mCreating model: ('PP-OCRv6_medium_rec', 'C:\\Users\\ali/.paddlex/official_models\\PP-OCRv6_medium_rec_onnx', 'onnxruntime')[0m
[LOAD] PaddleOCR ready in 1.91s
[CAPTURE] Detection-only available: True
[LOAD] Initializing UVDoc unwarper …
c:\Users\ali\Desktop\FYDP\fydp\Lib\site-packages\paddle\utils\cpp_extension\extension_utils.py:712: UserWarning: No ccache found. Please be aware that recompiling all source files may be required. You can download and install ccache from: https://github.com/ccache/ccache/blob/master/doc/INSTALL.md
  warnings.warn(warning_message)
[LOAD] UVDoc ready in 1.18s
[LOAD] Loading local NLLB on cuda (float16) ...
[LOAD] NLLB ready in 5.12s
[LOAD] Conservative SymSpell dictionary loaded in 2.80s

[QUALITY] Box6 text-envelope capture guidance active …
[QUALITY] Checking all printed text, focus, lighting, and image motion.
[QUALITY] Three good frames in the latest four are required. S force-captures.
  [OBS 001] state=almost_ready, rows=19/19, age=0.69s, edges=none, bandLap=318, lineLap=457, lightStd=5.7, belowText=0.8, motion=0.00, stable=1/3
  [OBS 002] state=almost_ready, rows=19/19, age=0.08s, edges=none, bandLap=1509, lineLap=1751, lightStd=6.2, belowText=0.9, motion=0.67, stable=2/3
  [GUIDANCE] Ready.
  [OBS 003] state=almost_ready, rows=19/19, age=0.12s, edges=none, bandLap=1312, lineLap=1669, lightStd=7.6, belowText=0.9, motion=0.07, stable=3/3
  [OBS 004] state=almost_ready, rows=19/19, age=0.25s, edges=none, bandLap=944, lineLap=1274, lightStd=8.0, belowText=0.9, motion=0.18, stable=4/3

[QUALITY] ✅ Three of the latest four observations passed; capturing analyzed frame #62.

────────────────────────────────────────────────────────────
  RUN #1
────────────────────────────────────────────────────────────

  💾 Saved → C:\Users\ali\Desktop\FYDP\New\Project\pics\captured\capture_cli_001_20260915_141232.jpg
[POST-CAPTURE] LapVar=146.7, score components: sharp=15, bright=30, even=12
[STAGE 1] Unwarping curved page ...
[STAGE 1] Raw grayscale preprocessing and PaddleOCR ...
[STAGE 1] OCR complete in 1.219s (19 detections, 19 lines, 4 regions)

============================================================
  EXTRACTED TEXT
============================================================
偏远地区混合能源站的自主监测与维护 一座高原试验站依靠太阳能阵列、锂电池和小型柴油发电机供电。微电 网需要持续支持诊所、无线电中继、气象设备和安全照明。冬季道路可能 封闭数日，网络也不稳定，因此本地控制器每二百毫秒采集电压、电流、 温度与振动数据，并在能源不足时优先保障医疗和通信负载。完整记录保 存在站内，只有压缩后的状态摘要会在链路恢复时发送到控制中心。 二〇二五年十月十八日，一场沙尘风暴使太阳能输出在十五分钟内下降 百分之三十四，电池柜温度升高八摄氏度，逆变器风扇还出现异常低频振 动。控制器没有关闭整座电站，而是断开非必要加热装置、降低部分照明 功率并启动备用发电机。诊断模块随后提出三个可能原因太阳能板被碎 屑遮挡、风扇轴承磨损，以及电池连接器的接触电阻上升。 风暴减弱后，技术员用头戴式摄像设备读取铭牌、序列号和报警代码， 本地处理单元再与离线维护手册进行比对。由干资料涉及关键基础设施 图像没有上传云端。采集程序先确认整个标签位干安全边界内，并分别检 查全图和上部区域的清晰度若画面被裁切，耳机会提示向左、向右或向 后移动。目标只有连续四帧稳定且文字足够清楚时才会保存。第二天的日 志表明，自动排序与人工判断一致：先清理面板，再更换风扇轴承，最后 紧固电池端子。处置用了六分钟，关键服务未中断。这说明可靠的自动化 必须解释判断、承认不确定性，并把最终决定留给人。
============================================================

[REGIONS] Detected 4 text region(s): 0 title, 1 heading(s), 3 paragraph(s)
  H1 | type=section_heading | 1 line(s) | confidence=0.999 | in the upper part of the page
    偏远地区混合能源站的自主监测与维护
  P1 | type=paragraph | 5 line(s) | confidence=0.990 | in the middle of the page
    一座高原试验站依靠太阳能阵列、锂电池和小型柴油发电机供电。微电 网需要持续支持诊所、无线电中继、气象设备和安全照明。冬季道路可能 封闭数日，网络也不稳定，因此本地控制器每二百毫秒采集电压、电流、 温度与振动数据，并在能源不足时优先保障医疗和通信负载。完整记录保 存在站内，只有压缩后的状态摘要会在链路恢复时发送到控制中心。
  P2 | type=paragraph | 5 line(s) | confidence=0.988 | in the middle of the page
    二〇二五年十月十八日，一场沙尘风暴使太阳能输出在十五分钟内下降 百分之三十四，电池柜温度升高八摄氏度，逆变器风扇还出现异常低频振 动。控制器没有关闭整座电站，而是断开非必要加热装置、降低部分照明 功率并启动备用发电机。诊断模块随后提出三个可能原因太阳能板被碎 屑遮挡、风扇轴承磨损，以及电池连接器的接触电阻上升。
  P3 | type=paragraph | 8 line(s) | confidence=0.987 | in the lower part of the page
    风暴减弱后，技术员用头戴式摄像设备读取铭牌、序列号和报警代码， 本地处理单元再与离线维护手册进行比对。由干资料涉及关键基础设施 图像没有上传云端。采集程序先确认整个标签位干安全边界内，并分别检 查全图和上部区域的清晰度若画面被裁切，耳机会提示向左、向右或向 后移动。目标只有连续四帧稳定且文字足够清楚时才会保存。第二天的日 志表明，自动排序与人工判断一致：先清理面板，再更换风扇轴承，最后 紧固电池端子。处置用了六分钟，关键服务未中断。这说明可靠的自动化 必须解释判断、承认不确定性，并把最终决定留给人。
[TRANSLATION REVIEW] Region 2: Review numerical rendering: new output digits: 200
[TRANSLATION REVIEW] Region 3: Review numerical rendering: new output digits: 18, 2025, 34
[STAGE 2] 4 regions, 15 NLLB chunks, chinese -> english: 0.937s

============================================================
  CLASSIFIED REGION TRANSLATIONS (English) — NLLB 1.3B
============================================================
[H1] Autonomous monitoring and maintenance of hybrid power stations in remote areas
[P1] A plateau test station relies on solar arrays, lithium batteries and a small diesel generator to power it. Micro-grids need to continue to support clinics, radio relay, weather equipment and safety lighting. Roads can be closed for days in winter and the network is unstable, so local controllers collect voltage, current, temperature and vibration data every 200 milliseconds, and prioritize medical and communications loads when energy is scarce. The complete record is stored on the station, and only the compressed status summary is sent to the control center when the link is restored.
[P2] On October 18, 2025, a dust storm caused a 34 percent drop in solar output in fifteen minutes, a temperature rise of eight degrees Celsius in the battery cabinet, and an abnormally low frequency vibration in the inverter fan. Instead of shutting down the entire power plant, the controller disconnects unnecessary heating devices, lowers the power of some lighting and starts the backup generator. Diagnostic modules then suggested three possible reasons for the shredded solar panels, fan bearing wear, and increased contact resistance of the battery connector.
[P3] After the storm weakened, technicians used head-mounted cameras to read the insignia, serial numbers and alarm codes, and the local processing unit was compared to the offline maintenance manual. Images of critical infrastructure are not uploaded to the cloud due to interference. The retriever first identifies the entire label as being within the safe boundary and checks the clarity of the entire image and the upper region separately if the image is cropped, the earpiece is prompted to move left, right or backwards. The target is saved only when the sequence of four lines is stable and the text is clear enough. The next day's logs showed that the automatic sorting was consistent with the artificial judgment: first the panels were cleaned, then the fan bearings were replaced, and finally the battery terminals were tightened. The disposal took six minutes and critical services were not interrupted. This shows that reliable automation must interpret judgments, acknowledge uncertainty, and leave the final decision to humans.
============================================================

[STAGE 2.5] No sufficiently confident corrections; original preserved (0.020s)
  [DEBUG] Overlay saved  → C:\Users\ali\Desktop\FYDP\New\Project\1Pipeline\final\working\Ahead\Further Box AutoCapture\working model\paragraph_test_outputs\run_001_20260915_141234_overlay.jpg
  [DEBUG] OCR log saved  → C:\Users\ali\Desktop\FYDP\New\Project\1Pipeline\final\working\Ahead\Further Box AutoCapture\working model\paragraph_test_outputs\run_001_20260915_141234_ocr.txt

────────────────────────────────────────
  ⏱  TIMING BREAKDOWN
────────────────────────────────────────
  OCR          : 1.219s
  Translation  : 0.937s
  Spell Corr   : 0.020s
  TTS Playback : 30.834s
────────────────────────────────────────
  TOTAL        : 33.659s
────────────────────────────────────────

  Ready for next capture!


[QUALITY] Box6 text-envelope capture guidance active …
[QUALITY] Checking all printed text, focus, lighting, and image motion.
[QUALITY] Three good frames in the latest four are required. S force-captures.

────────────────────────────────────────────────────────────
  RUN #2
────────────────────────────────────────────────────────────

[CONTROL] Current document cancelled.

[QUALITY] Box6 text-envelope capture guidance active …
[QUALITY] Checking all printed text, focus, lighting, and image motion.
[QUALITY] Three good frames in the latest four are required. S force-captures.
  [OBS 001] state=almost_ready, rows=19/19, age=0.38s, edges=none, bandLap=427, lineLap=559, lightStd=6.7, belowText=0.9, motion=0.00, stable=1/3
  [OBS 002] state=almost_ready, rows=19/19, age=0.08s, edges=none, bandLap=1075, lineLap=1492, lightStd=6.7, belowText=0.9, motion=0.37, stable=2/3
  [GUIDANCE] Ready.
  [OBS 003] state=almost_ready, rows=19/19, age=0.11s, edges=none, bandLap=1004, lineLap=1259, lightStd=6.9, belowText=0.9, motion=0.25, stable=3/3
  [OBS 004] state=almost_ready, rows=19/19, age=0.08s, edges=none, bandLap=1293, lineLap=1794, lightStd=7.2, belowText=0.9, motion=0.06, stable=4/3

[QUALITY] ✅ Three of the latest four observations passed; capturing analyzed frame #797.

────────────────────────────────────────────────────────────
  RUN #3
────────────────────────────────────────────────────────────

  💾 Saved → C:\Users\ali\Desktop\FYDP\New\Project\pics\captured\capture_cli_003_20260915_141330.jpg
[POST-CAPTURE] LapVar=160.6, score components: sharp=17, bright=30, even=16
[STAGE 1] Unwarping curved page ...
[STAGE 1] Raw grayscale preprocessing and PaddleOCR ...
[STAGE 1] OCR complete in 1.250s (19 detections, 19 lines, 4 regions)

============================================================
  EXTRACTED TEXT
============================================================
偏远地区混合能源站的自主监测与维护 一座高原试验站依靠太阳能阵列、锂电池和小型柴油发电机供电。微电 网需要持续支持诊所、无线电中继、气象设备和安全照明。冬季道路可能 封闭数日，网络也不稳定，因此本地控制器每二百毫秒采集电压、电流、 温度与振动数据，并在能源不足时优先保障医疗和通信负载。完整记录保 存在站内只有压缩后的状态摘要会在链路恢复时发送到控制中心。 二〇二五年十月十八日，一场沙尘风暴使太阳能输出在十五分钟内下降 百分之三十四电池柜温度升高八摄氏度，逆变器风扇还出现异常低频振 动。控制器没有关闭整座电站，而是断开非必要加热装置、降低部分照明 功率并启动各用发电机。诊断模块随后提出三个可能原因：太阳能板被碎 肩遮挡、风扇轴承磨损以及电池连接器的接触电阻上升。 风暴减弱后，技术员用头戴式摄像设备读取铭牌、序列号和报警代码. 本地处理单元再与离线维护手册进行比对。由于资料涉及关键基础设施 图像没有上传云端。采集程序先确认整个标签位于安全边界内，并分别检 查全图和上部区域的清晰度：若画面被载切，耳机会提示向左、向右或向 后移动。目标只有连续四帧稳定且文字足够清楚时才会保存。第二天的日 志表明，自动排序与人工判断一致先清理面板，再更换风扇轴承，最后 紧固电池端子。处置用了六分钟，关键服务未中断。这说明可靠的自动化 必须解释判断、承认不确定性，并把最终决定留给人。
============================================================

[REGIONS] Detected 4 text region(s): 1 title, 0 heading(s), 3 paragraph(s)
  TITLE | type=page_title | 1 line(s) | confidence=0.999 | in the upper part of the page
    偏远地区混合能源站的自主监测与维护
  P1 | type=paragraph | 5 line(s) | confidence=0.992 | in the upper part of the page
    一座高原试验站依靠太阳能阵列、锂电池和小型柴油发电机供电。微电 网需要持续支持诊所、无线电中继、气象设备和安全照明。冬季道路可能 封闭数日，网络也不稳定，因此本地控制器每二百毫秒采集电压、电流、 温度与振动数据，并在能源不足时优先保障医疗和通信负载。完整记录保 存在站内只有压缩后的状态摘要会在链路恢复时发送到控制中心。
  P2 | type=paragraph | 5 line(s) | confidence=0.985 | in the middle of the page
    二〇二五年十月十八日，一场沙尘风暴使太阳能输出在十五分钟内下降 百分之三十四电池柜温度升高八摄氏度，逆变器风扇还出现异常低频振 动。控制器没有关闭整座电站，而是断开非必要加热装置、降低部分照明 功率并启动各用发电机。诊断模块随后提出三个可能原因：太阳能板被碎 肩遮挡、风扇轴承磨损以及电池连接器的接触电阻上升。
  P3 | type=paragraph | 8 line(s) | confidence=0.987 | in the lower part of the page
    风暴减弱后，技术员用头戴式摄像设备读取铭牌、序列号和报警代码. 本地处理单元再与离线维护手册进行比对。由于资料涉及关键基础设施 图像没有上传云端。采集程序先确认整个标签位于安全边界内，并分别检 查全图和上部区域的清晰度：若画面被载切，耳机会提示向左、向右或向 后移动。目标只有连续四帧稳定且文字足够清楚时才会保存。第二天的日 志表明，自动排序与人工判断一致先清理面板，再更换风扇轴承，最后 紧固电池端子。处置用了六分钟，关键服务未中断。这说明可靠的自动化 必须解释判断、承认不确定性，并把最终决定留给人。
[TRANSLATION REVIEW] Region 2: Review numerical rendering: new output digits: 200
[TRANSLATION REVIEW] Region 3: Review numerical rendering: new output digits: 18, 2025, 34
[STAGE 2] 4 regions, 16 NLLB chunks, chinese -> english: 0.847s

============================================================
  CLASSIFIED REGION TRANSLATIONS (English) — NLLB 1.3B
============================================================
[TITLE] Autonomous monitoring and maintenance of hybrid power stations in remote areas
[P1] A plateau test station relies on solar arrays, lithium batteries and a small diesel generator to power it. Micro-grids need to continue to support clinics, radio relay, weather equipment and safety lighting. Roads can be closed for days in winter and the network is unstable, so local controllers collect voltage, current, temperature and vibration data every 200 milliseconds, and prioritize medical and communications loads when energy is scarce. Complete records are stored at the station and only compressed status summaries are sent to the control center when the link is restored.
[P2] On October 18, 2025, a dust storm caused solar output to drop by 34 percent in fifteen minutes, the temperature of the battery cabinet to rise eight degrees Celsius, and the inverter fan to vibrate at an abnormally low frequency. Instead of shutting down the entire power plant, the controller disconnects unnecessary heating devices, lowers the power of some lighting and starts up the various generators. Diagnostic modules then suggested three possible causes: the solar panels were shrouded by broken shoulders, fan bearing wear, and the contact resistance of the battery connector was elevated.
[P3] After the storm subsided, technicians used head-mounted cameras to read the insignia, serial numbers and alarm codes. The local processing unit is then compared to the offline maintenance manual. Images of critical infrastructure are not uploaded to the cloud. The capture process first confirms that the entire label is within the safe boundary and checks the clarity of the entire image and the upper region separately: if the image is cut, the earpiece is prompted to move left, right or backwards. The target is saved only when the sequence of four lines is stable and the text is clear enough. The next day's logs showed that the automatic sorting was consistent with the artificial judgment of cleaning the panels, replacing the fan bearings, and finally tightening the battery terminals. The disposal took six minutes and critical services were not interrupted. This shows that reliable automation must interpret judgments, acknowledge uncertainty, and leave the final decision to humans.
============================================================

[STAGE 2.5] No sufficiently confident corrections; original preserved (0.025s)
  [DEBUG] Overlay saved  → C:\Users\ali\Desktop\FYDP\New\Project\1Pipeline\final\working\Ahead\Further Box AutoCapture\working model\paragraph_test_outputs\run_003_20260915_141333_overlay.jpg
  [DEBUG] OCR log saved  → C:\Users\ali\Desktop\FYDP\New\Project\1Pipeline\final\working\Ahead\Further Box AutoCapture\working model\paragraph_test_outputs\run_003_20260915_141333_ocr.txt

────────────────────────────────────────
  ⏱  TIMING BREAKDOWN
────────────────────────────────────────
  OCR          : 1.250s
  Translation  : 0.847s
  Spell Corr   : 0.025s
  TTS Playback : 20.676s
────────────────────────────────────────
  TOTAL        : 23.443s
────────────────────────────────────────

  Ready for next capture!


[QUALITY] Box6 text-envelope capture guidance active …
[QUALITY] Checking all printed text, focus, lighting, and image motion.
[QUALITY] Three good frames in the latest four are required. S force-captures.
  [OBS 001] state=page_not_found, rows=0/0, age=0.33s, edges=none, bandLap=16, lineLap=0, lightStd=0.0, belowText=0.0, motion=0.00, stable=0/3
  [OBS 002] state=blurry, rows=3/3, age=0.06s, edges=none, bandLap=24, lineLap=33, lightStd=6.1, belowText=7.7, motion=0.51, stable=0/3
  [OBS 003] state=blurry, rows=19/19, age=0.06s, edges=none, bandLap=92, lineLap=122, lightStd=6.9, belowText=0.8, motion=0.17, stable=0/3
  [GUIDANCE] Text is blurry. Adjust distance.
  [OBS 004] state=almost_ready, rows=19/19, age=0.09s, edges=none, bandLap=207, lineLap=256, lightStd=6.5, belowText=0.9, motion=0.29, stable=1/3
  [OBS 005] state=almost_ready, rows=19/19, age=0.06s, edges=none, bandLap=1108, lineLap=1353, lightStd=6.6, belowText=1.0, motion=0.33, stable=2/3
  [GUIDANCE] Ready.
  [OBS 006] state=almost_ready, rows=19/19, age=0.22s, edges=none, bandLap=363, lineLap=470, lightStd=6.4, belowText=0.9, motion=0.85, stable=3/3

[QUALITY] ✅ Three of the latest four observations passed; capturing analyzed frame #1245.

────────────────────────────────────────────────────────────
  RUN #4
────────────────────────────────────────────────────────────

  💾 Saved → C:\Users\ali\Desktop\FYDP\New\Project\pics\captured\capture_cli_004_20260915_141409.jpg
[POST-CAPTURE] LapVar=117.5, score components: sharp=10, bright=30, even=14
[STAGE 1] Unwarping curved page ...
[STAGE 1] Raw grayscale preprocessing and PaddleOCR ...
[STAGE 1] OCR complete in 1.203s (19 detections, 19 lines, 4 regions)

============================================================
  EXTRACTED TEXT
============================================================
偏远地区混合能源站的自主监测与维护 一座高原试验站依靠太阳能阵列、锂电池和小型柴油发电机供电。微电 网需要持续支持诊所、无线电中继、气象设备和安全照明。冬季道路可能 封闭数日，网络也不稳定，因此本地控制器每二百毫秒采集电压、电流、 温度与振动数据，并在能源不足时优先保障医疗和通信负载。完整记录保 存在站内，只有压缩后的状态摘要会在链路恢复时发送到控制中心。 二〇二五年十月十八日，一场沙尘风暴使太阳能输出在十五分钟内下降 百分之三十四，电池柜温度升高八摄氏度，逆变器风扇还出现异常低频振 动。控制器没有关闭整座电站而是断开非必要加热装置、降低部分照明 功率并启动备用发电机。诊断模块随后提出三个可能原因太阳能板被碎 屑遮挡、风扇轴承磨损，以及电池连接器的接触电阻上升。 风暴减弱后，技术员用头戴式摄像设备读取铭牌、序列号和报警代码. 本地处理单元再与离线维护手册进行比对。由于资料涉及关键基础设施 图像没有上传云端。采集程序先确认整个标签位干安全边界内，并分别检 查全图和上部区域的清晰度若画面被载切耳机会提示向左、向右或向 后移动。目标只有连续四帧稳定且文字足够清楚时才会保存。第二天的日 志表明，自动排序与人工判断一致：先清理面板，再更换风扇轴承，最后 紧固电池端子。处置用了六分钟，关键服务未中断。这说明可靠的自动化 必须解释判断、承认不确定性，并把最终决定留给人。
============================================================

[REGIONS] Detected 4 text region(s): 0 title, 1 heading(s), 3 paragraph(s)
  H1 | type=section_heading | 1 line(s) | confidence=0.999 | in the upper part of the page
    偏远地区混合能源站的自主监测与维护
  P1 | type=paragraph | 5 line(s) | confidence=0.988 | in the upper part of the page
    一座高原试验站依靠太阳能阵列、锂电池和小型柴油发电机供电。微电 网需要持续支持诊所、无线电中继、气象设备和安全照明。冬季道路可能 封闭数日，网络也不稳定，因此本地控制器每二百毫秒采集电压、电流、 温度与振动数据，并在能源不足时优先保障医疗和通信负载。完整记录保 存在站内，只有压缩后的状态摘要会在链路恢复时发送到控制中心。
  P2 | type=paragraph | 5 line(s) | confidence=0.986 | in the middle of the page
    二〇二五年十月十八日，一场沙尘风暴使太阳能输出在十五分钟内下降 百分之三十四，电池柜温度升高八摄氏度，逆变器风扇还出现异常低频振 动。控制器没有关闭整座电站而是断开非必要加热装置、降低部分照明 功率并启动备用发电机。诊断模块随后提出三个可能原因太阳能板被碎 屑遮挡、风扇轴承磨损，以及电池连接器的接触电阻上升。
  P3 | type=paragraph | 8 line(s) | confidence=0.981 | in the lower part of the page
    风暴减弱后，技术员用头戴式摄像设备读取铭牌、序列号和报警代码. 本地处理单元再与离线维护手册进行比对。由于资料涉及关键基础设施 图像没有上传云端。采集程序先确认整个标签位干安全边界内，并分别检 查全图和上部区域的清晰度若画面被载切耳机会提示向左、向右或向 后移动。目标只有连续四帧稳定且文字足够清楚时才会保存。第二天的日 志表明，自动排序与人工判断一致：先清理面板，再更换风扇轴承，最后 紧固电池端子。处置用了六分钟，关键服务未中断。这说明可靠的自动化 必须解释判断、承认不确定性，并把最终决定留给人。
[TRANSLATION REVIEW] Region 2: Review numerical rendering: new output digits: 200
[TRANSLATION REVIEW] Region 3: Review numerical rendering: new output digits: 18, 2025, 34
[STAGE 2] 4 regions, 16 NLLB chunks, chinese -> english: 0.841s

============================================================
  CLASSIFIED REGION TRANSLATIONS (English) — NLLB 1.3B
============================================================
[H1] Autonomous monitoring and maintenance of hybrid power stations in remote areas
[P1] A plateau test station relies on solar arrays, lithium batteries and a small diesel generator to power it. Micro-grids need to continue to support clinics, radio relay, weather equipment and safety lighting. Roads can be closed for days in winter and the network is unstable, so local controllers collect voltage, current, temperature and vibration data every 200 milliseconds, and prioritize medical and communications loads when energy is scarce. The complete record is stored on the station, and only the compressed status summary is sent to the control center when the link is restored.
[P2] On October 18, 2025, a dust storm caused a 34 percent drop in solar output in fifteen minutes, a temperature rise of eight degrees Celsius in the battery cabinet, and an abnormally low frequency vibration in the inverter fan. Instead of shutting down the entire power plant, the controller disconnects unnecessary heating devices, lowers some lighting and starts a backup generator. Diagnostic modules then suggested three possible reasons for the shredded solar panels, fan bearing wear, and increased contact resistance of the battery connector.
[P3] After the storm subsided, technicians used head-mounted cameras to read the insignia, serial numbers and alarm codes. The local processing unit is then compared to the offline maintenance manual. Images of critical infrastructure are not uploaded to the cloud. The capture process first identifies the entire label as being within the security boundary and checks the clarity of the entire image and the upper region separately if the image is loaded with a headset that prompts it to move left, right or backwards. The target is saved only when the sequence of four lines is stable and the text is clear enough. The next day's logs showed that the automatic sorting was consistent with the artificial judgment: first the panels were cleaned, then the fan bearings were replaced, and finally the battery terminals were tightened. The disposal took six minutes and critical services were not interrupted. This shows that reliable automation must interpret judgments, acknowledge uncertainty, and leave the final decision to humans.
============================================================

[STAGE 2.5] No sufficiently confident corrections; original preserved (0.027s)
  [DEBUG] Overlay saved  → C:\Users\ali\Desktop\FYDP\New\Project\1Pipeline\final\working\Ahead\Further Box AutoCapture\working model\paragraph_test_outputs\run_004_20260915_141412_overlay.jpg
  [DEBUG] OCR log saved  → C:\Users\ali\Desktop\FYDP\New\Project\1Pipeline\final\working\Ahead\Further Box AutoCapture\working model\paragraph_test_outputs\run_004_20260915_141412_ocr.txt

────────────────────────────────────────
  ⏱  TIMING BREAKDOWN
────────────────────────────────────────
  OCR          : 1.203s
  Translation  : 0.841s
  Spell Corr   : 0.027s
  TTS Playback : 80.443s
────────────────────────────────────────
  TOTAL        : 83.157s
────────────────────────────────────────

  Ready for next capture!


[QUALITY] Box6 text-envelope capture guidance active …
[QUALITY] Checking all printed text, focus, lighting, and image motion.
[QUALITY] Three good frames in the latest four are required. S force-captures.
  [OBS 001] state=page_not_found, rows=0/0, age=0.39s, edges=none, bandLap=92, lineLap=0, lightStd=0.0, belowText=0.0, motion=0.00, stable=0/3
  [OBS 002] state=hold_still, rows=0/0, age=0.06s, edges=none, bandLap=102, lineLap=0, lightStd=0.0, belowText=0.0, motion=1.20, stable=0/3
  [OBS 003] state=page_not_found, rows=0/0, age=0.14s, edges=none, bandLap=39, lineLap=0, lightStd=0.0, belowText=0.0, motion=0.08, stable=0/3
  [OBS 004] state=blurry, rows=0/0, age=0.08s, edges=none, bandLap=54, lineLap=0, lightStd=0.0, belowText=0.0, motion=3.86, stable=0/3
  [OBS 005] state=glare, rows=13/13, age=0.11s, edges=B, bandLap=452, lineLap=438, lightStd=6.2, belowText=0.0, motion=0.19, stable=0/3
  [OBS 006] state=look_down, rows=15/15, age=0.11s, edges=B, bandLap=736, lineLap=988, lightStd=3.6, belowText=0.0, motion=0.51, stable=0/3
  [OBS 007] state=blurry, rows=7/14, age=0.28s, edges=B, bandLap=120, lineLap=222, lightStd=4.4, belowText=5.2, motion=0.34, stable=0/3
  [OBS 008] state=hold_still, rows=0/14, age=0.12s, edges=none, bandLap=177, lineLap=0, lightStd=0.0, belowText=0.0, motion=1.33, stable=0/3
  [OBS 009] state=blurry, rows=8/14, age=0.09s, edges=B, bandLap=102, lineLap=125, lightStd=3.7, belowText=7.1, motion=2.23, stable=0/3
  [OBS 010] state=look_down, rows=19/18, age=0.28s, edges=B, bandLap=1297, lineLap=1362, lightStd=4.7, belowText=0.0, motion=0.32, stable=0/3
  [OBS 011] state=almost_ready, rows=18/19, age=0.28s, edges=none, bandLap=671, lineLap=720, lightStd=6.1, belowText=21.9, motion=0.40, stable=1/3
  [STABLE HOLD] Cleared by a confirmed text-edge or unreadable-text failure.
  [OBS 012] state=blurry, rows=7/19, age=0.14s, edges=B, bandLap=90, lineLap=74, lightStd=7.0, belowText=4.3, motion=0.70, stable=0/3
  [OBS 013] state=hold_still, rows=13/19, age=0.11s, edges=none, bandLap=233, lineLap=331, lightStd=5.4, belowText=4.3, motion=0.20, stable=0/3
  [OBS 014] state=hold_still, rows=0/19, age=0.14s, edges=none, bandLap=10, lineLap=0, lightStd=0.0, belowText=0.0, motion=1.88, stable=0/3
  [GUIDANCE] Hold still.
  [OBS 015] state=blurry, rows=2/19, age=0.12s, edges=B, bandLap=24, lineLap=67, lightStd=3.4, belowText=4.4, motion=1.26, stable=0/3
  [OBS 016] state=hold_still, rows=0/19, age=0.30s, edges=none, bandLap=259, lineLap=0, lightStd=0.0, belowText=0.0, motion=7.12, stable=0/3
  [OBS 017] state=page_not_found, rows=0/19, age=0.08s, edges=none, bandLap=188, lineLap=0, lightStd=0.0, belowText=0.0, motion=0.65, stable=0/3
  [OBS 018] state=page_not_found, rows=0/19, age=0.11s, edges=none, bandLap=240, lineLap=0, lightStd=0.0, belowText=0.0, motion=0.53, stable=0/3
  [GUIDANCE] Find the printed text.
