[LOAD] Pre-loading Piper TTS voice …
[TTS] Loading voice: en_US-lessac-medium …
[TTS] Voice ready.
[AUDIO] Pre-synthesizing real-time guidance prompts …
[AUDIO] 14 spoken guidance clips ready.
[LOAD] TTS ready in 1.48s
[STATUS] Welcome to F Y D P Glasses
[LOAD] OCR language audit: french -> PaddleOCR lang='en'
[LOAD] Initializing PaddleOCR (onnxruntime, gpu) …
[32mCreating model: ('PP-OCRv6_medium_det', 'C:\\Users\\ali/.paddlex/official_models\\PP-OCRv6_medium_det_onnx', 'onnxruntime')[0m
[32mCreating model: ('PP-OCRv6_medium_rec', 'C:\\Users\\ali/.paddlex/official_models\\PP-OCRv6_medium_rec_onnx', 'onnxruntime')[0m
[LOAD] PaddleOCR ready in 1.86s
[CAPTURE] Detection-only available: True
[LOAD] Initializing UVDoc unwarper …
c:\Users\ali\Desktop\FYDP\fydp\Lib\site-packages\paddle\utils\cpp_extension\extension_utils.py:712: UserWarning: No ccache found. Please be aware that recompiling all source files may be required. You can download and install ccache from: https://github.com/ccache/ccache/blob/master/doc/INSTALL.md
  warnings.warn(warning_message)
[LOAD] UVDoc ready in 1.15s
[LOAD] Loading local NLLB on cuda (float16) ...
[LOAD] NLLB ready in 4.86s
[LOAD] Conservative SymSpell dictionary loaded in 4.72s
[STATUS] All models loaded
