[LOAD] Pre-loading Piper TTS voice …
[TTS] Loading voice: en_US-lessac-medium …
[TTS] Voice ready.
[AUDIO] Pre-synthesizing real-time guidance prompts …
[AUDIO] 14 spoken guidance clips ready.
[LOAD] TTS ready in 1.50s
[LOAD] OCR language audit: english -> PaddleOCR lang='en'
[LOAD] Initializing PaddleOCR (onnxruntime, gpu) …
[32mCreating model: ('PP-OCRv6_medium_det', 'C:\\Users\\ali/.paddlex/official_models\\PP-OCRv6_medium_det_onnx', 'onnxruntime')[0m
[32mCreating model: ('PP-OCRv6_medium_rec', 'C:\\Users\\ali/.paddlex/official_models\\PP-OCRv6_medium_rec_onnx', 'onnxruntime')[0m
[LOAD] PaddleOCR ready in 1.88s
[CAPTURE] Detection-only available: True
[LOAD] Initializing UVDoc unwarper …
c:\Users\ali\Desktop\FYDP\fydp\Lib\site-packages\paddle\utils\cpp_extension\extension_utils.py:712: UserWarning: No ccache found. Please be aware that recompiling all source files may be required. You can download and install ccache from: https://github.com/ccache/ccache/blob/master/doc/INSTALL.md
  warnings.warn(warning_message)
[LOAD] UVDoc ready in 1.11s
[LOAD] Conservative SymSpell dictionary loaded in 2.74s

[QUALITY] Box6 text-envelope capture guidance active …
[QUALITY] Checking all printed text, focus, lighting, and image motion.
[QUALITY] Three good frames in the latest four are required. S force-captures.
  [OBS 001] state=look_down, rows=25/25, age=0.81s, edges=B, bandLap=2390, lineLap=3234, lightStd=8.8, belowText=0.0, motion=0.00, stable=0/3
  [OBS 002] state=look_down, rows=25/25, age=0.12s, edges=B, bandLap=1303, lineLap=1571, lightStd=9.4, belowText=0.0, motion=0.05, stable=0/3
  [GUIDANCE] Look down for the bottom text.
  [OBS 003] state=look_down, rows=26/26, age=0.20s, edges=B, bandLap=2528, lineLap=3136, lightStd=7.0, belowText=0.0, motion=0.38, stable=0/3
  [OBS 004] state=look_down, rows=28/27, age=0.17s, edges=B, bandLap=2593, lineLap=3277, lightStd=9.0, belowText=0.0, motion=0.44, stable=0/3
  [OBS 005] state=look_down, rows=28/28, age=0.26s, edges=B, bandLap=2679, lineLap=3190, lightStd=8.9, belowText=0.0, motion=0.22, stable=0/3
  [OBS 006] state=look_down, rows=28/28, age=0.31s, edges=B, bandLap=2235, lineLap=2720, lightStd=9.6, belowText=0.0, motion=0.13, stable=0/3
  [OBS 007] state=hold_still, rows=36/31, age=0.12s, edges=B, bandLap=1953, lineLap=2383, lightStd=11.8, belowText=0.0, motion=2.67, stable=0/3
  [OBS 008] state=look_down, rows=36/36, age=0.19s, edges=B, bandLap=2145, lineLap=2751, lightStd=13.6, belowText=0.0, motion=0.12, stable=0/3
  [OBS 009] state=look_down, rows=36/36, age=0.22s, edges=B, bandLap=1674, lineLap=2349, lightStd=13.3, belowText=0.0, motion=0.12, stable=0/3
  [GUIDANCE] Look down for the bottom text.
  [OBS 010] state=almost_ready, rows=37/36, age=0.27s, edges=none, bandLap=2128, lineLap=3093, lightStd=14.0, belowText=1.3, motion=0.53, stable=1/3
  [OBS 011] state=almost_ready, rows=37/37, age=0.08s, edges=none, bandLap=1956, lineLap=2692, lightStd=14.0, belowText=1.3, motion=0.07, stable=2/3
  [GUIDANCE] Ready.
  [STABLE HOLD] Cleared by a confirmed text-edge or unreadable-text failure.
  [OBS 012] state=look_down, rows=37/37, age=0.17s, edges=B, bandLap=2041, lineLap=2879, lightStd=13.9, belowText=0.0, motion=0.14, stable=0/3
  [OBS 013] state=almost_ready, rows=37/37, age=0.31s, edges=none, bandLap=1634, lineLap=2398, lightStd=14.6, belowText=1.2, motion=0.16, stable=1/3
  [STABLE HOLD] One soft failure retained; 1/3 good frames remain.
  [OBS 014] state=hold_still, rows=37/37, age=0.19s, edges=none, bandLap=1062, lineLap=1598, lightStd=13.9, belowText=1.0, motion=1.07, stable=1/3
  [OBS 015] state=almost_ready, rows=37/37, age=0.14s, edges=none, bandLap=1929, lineLap=2538, lightStd=13.9, belowText=1.1, motion=0.26, stable=2/3
  [OBS 016] state=almost_ready, rows=37/37, age=0.17s, edges=none, bandLap=1649, lineLap=2204, lightStd=14.6, belowText=1.2, motion=0.12, stable=3/3

[QUALITY] ✅ Three of the latest four observations passed; capturing analyzed frame #345.

────────────────────────────────────────────────────────────
  RUN #1
────────────────────────────────────────────────────────────

  💾 Saved → C:\Users\ali\Desktop\FYDP\New\Project\pics\captured\capture_cli_001_20260912_134920.jpg
[POST-CAPTURE] LapVar=316.0, score components: sharp=40, bright=30, even=27
[STAGE 1] Unwarping curved page ...
[STAGE 1] Raw grayscale preprocessing and PaddleOCR ...
[STAGE 1] OCR complete in 1.578s (37 detections, 37 lines, 4 regions)

============================================================
  EXTRACTED TEXT
============================================================
Field Evaluation of Wearable Translation Glasses A wearable translation system is most useful when it behaves like an ordinary tool rather than a laboratory demonstration The user should be able to face a printed page, pause briefly, and hear a clear rendering without holding a telephone or searching through menus In the prototype described here, a small camera is mounted near eye level and connected to a compact computer. Video is sent over a local link to a processing workstation, where text detection, optical character recognition, language translation, and speech synthesis are performed The complete pipeline operates without a cloud service This arrangement protects sensitive documents, avoids delays caused by an unstable internet connection. and allows every software component to be measured independently Image acquisition is the first major difficulty A person wearing glasses cannot easily see whether all four edges of a page are inside the camera view The page may be tilted, partly shadowed, or closer at the top than at the bottom. Motion from breathing and head movement also creates blur The capture controller therefore examines every incoming frame before saving it It locates groups of text, estimates whether the document occupies a useful fraction of the image, and checks that a safe border remains around the detected region Sharpness is measured over the whole frame and again over the upper portion, because a slanted sheet often appears clear near the bottom while the first lines remain soft A frame is accepted only after several consecutive observations agree Spoken prompts tell the wearer to step back, move left or right, hold still, or improve the lighting After capture, the image is converted to grayscale and corrected only when the correction improves measured recognition Excessive sharpening can create bright halos around letters, while aggressive thresholding can erase punctuation and thin strokes For that reason. several preprocessing alternatives are tested on the same stored photographs. The comparison includes raw grayscale, local contrast enhancement, mild gamma correction, edge-preserving filtering. and adaptive binarization Each alternative is evaluated using character count, recognition confidence, focus statistics, and processing time Ground-truth text is retained for important experiments so that character error rate and word error rate can be calculated instead of relying on confidence alone
============================================================

[REGIONS] Detected 4 text region(s): 1 title, 0 heading(s), 3 paragraph(s)
  TITLE | type=page_title | 1 line(s) | confidence=1.000 | at the top of the page
    Field Evaluation of Wearable Translation Glasses
  P1 | type=paragraph | 11 line(s) | confidence=0.992 | in the upper part of the page
    A wearable translation system is most useful when it behaves like an ordinary tool rather than a laboratory demonstration The user should be able to face a printed page, pause briefly, and hear a clear rendering without holding a telephone or searching through menus In the prototype described here, a small camera is mounted near eye level and connected to a compact computer. Video is sent over a local link to a processing workstation, where text detection, optical character recognition, language translation, and speech synthesis are performed The complete pipeline operates without a cloud service This arrangement protects sensitive documents, avoids delays caused by an unstable internet connection. and allows every software component to be measured independently
  P2 | type=paragraph | 13 line(s) | confidence=0.993 | in the middle of the page
    Image acquisition is the first major difficulty A person wearing glasses cannot easily see whether all four edges of a page are inside the camera view The page may be tilted, partly shadowed, or closer at the top than at the bottom. Motion from breathing and head movement also creates blur The capture controller therefore examines every incoming frame before saving it It locates groups of text, estimates whether the document occupies a useful fraction of the image, and checks that a safe border remains around the detected region Sharpness is measured over the whole frame and again over the upper portion, because a slanted sheet often appears clear near the bottom while the first lines remain soft A frame is accepted only after several consecutive observations agree Spoken prompts tell the wearer to step back, move left or right, hold still, or improve the lighting
  P3 | type=paragraph | 12 line(s) | confidence=0.993 | in the lower part of the page
    After capture, the image is converted to grayscale and corrected only when the correction improves measured recognition Excessive sharpening can create bright halos around letters, while aggressive thresholding can erase punctuation and thin strokes For that reason. several preprocessing alternatives are tested on the same stored photographs. The comparison includes raw grayscale, local contrast enhancement, mild gamma correction, edge-preserving filtering. and adaptive binarization Each alternative is evaluated using character count, recognition confidence, focus statistics, and processing time Ground-truth text is retained for important experiments so that character error rate and word error rate can be calculated instead of relying on confidence alone
[STAGE 2] 4 regions, 0 NLLB chunks, english -> english: 0.002s
[STAGE 2.5] No sufficiently confident corrections; original preserved (0.023s)
  [DEBUG] Overlay saved  → C:\Users\ali\Desktop\FYDP\New\Project\1Pipeline\final\working\Ahead\Further Box AutoCapture\working model\paragraph_test_outputs\run_001_20260912_134922_overlay.jpg
  [DEBUG] OCR log saved  → C:\Users\ali\Desktop\FYDP\New\Project\1Pipeline\final\working\Ahead\Further Box AutoCapture\working model\paragraph_test_outputs\run_001_20260912_134922_ocr.txt

────────────────────────────────────────
  ⏱  TIMING BREAKDOWN
────────────────────────────────────────
  OCR          : 1.578s
  Translation  : skipped
  Spell Corr   : 0.023s
  TTS Playback : 139.219s
────────────────────────────────────────
  TOTAL        : 142.328s
────────────────────────────────────────

  Ready for next capture!


[QUALITY] Box6 text-envelope capture guidance active …
[QUALITY] Checking all printed text, focus, lighting, and image motion.
[QUALITY] Three good frames in the latest four are required. S force-captures.
  [OBS 001] state=page_not_found, rows=0/0, age=0.38s, edges=none, bandLap=308, lineLap=0, lightStd=0.0, belowText=0.0, motion=0.00, stable=0/3
  [OBS 002] state=hold_still, rows=0/0, age=0.12s, edges=none, bandLap=333, lineLap=0, lightStd=0.0, belowText=0.0, motion=4.69, stable=0/3
  [OBS 003] state=page_not_found, rows=0/0, age=0.14s, edges=none, bandLap=145, lineLap=0, lightStd=0.0, belowText=0.0, motion=0.52, stable=0/3
  [OBS 004] state=hold_still, rows=0/0, age=0.08s, edges=none, bandLap=78, lineLap=0, lightStd=0.0, belowText=0.0, motion=4.54, stable=0/3
  [OBS 005] state=glare, rows=3/3, age=0.09s, edges=B, bandLap=113, lineLap=173, lightStd=0.5, belowText=5.0, motion=0.55, stable=0/3
  [OBS 006] state=hold_still, rows=0/0, age=0.12s, edges=none, bandLap=345, lineLap=0, lightStd=0.0, belowText=0.0, motion=2.90, stable=0/3
  [OBS 007] state=page_not_found, rows=0/0, age=0.22s, edges=none, bandLap=629, lineLap=0, lightStd=0.0, belowText=0.0, motion=0.81, stable=0/3
  [OBS 008] state=glare, rows=25/25, age=0.25s, edges=B, bandLap=242, lineLap=726, lightStd=2.8, belowText=0.0, motion=5.72, stable=0/3
  [OBS 009] state=look_down, rows=24/24, age=0.22s, edges=B, bandLap=1205, lineLap=1380, lightStd=12.9, belowText=0.0, motion=0.52, stable=0/3
  [OBS 010] state=hold_still, rows=31/30, age=0.11s, edges=B, bandLap=1436, lineLap=1917, lightStd=14.4, belowText=0.0, motion=1.32, stable=0/3
  [OBS 011] state=hold_still, rows=29/31, age=0.12s, edges=none, bandLap=568, lineLap=685, lightStd=13.6, belowText=1.1, motion=1.86, stable=0/3
  [GUIDANCE] Hold still.
  [OBS 012] state=almost_ready, rows=30/31, age=0.22s, edges=none, bandLap=659, lineLap=1067, lightStd=13.7, belowText=1.1, motion=0.51, stable=1/3
  [OBS 013] state=almost_ready, rows=29/31, age=0.17s, edges=none, bandLap=1571, lineLap=2345, lightStd=13.2, belowText=1.1, motion=0.13, stable=2/3
  [GUIDANCE] Ready.
  [OBS 014] state=almost_ready, rows=29/30, age=0.26s, edges=none, bandLap=1546, lineLap=2275, lightStd=13.4, belowText=1.1, motion=0.19, stable=3/3

[QUALITY] ✅ Three of the latest four observations passed; capturing analyzed frame #1945.

────────────────────────────────────────────────────────────
  RUN #2
────────────────────────────────────────────────────────────

  💾 Saved → C:\Users\ali\Desktop\FYDP\New\Project\pics\captured\capture_cli_002_20260912_135158.jpg
[POST-CAPTURE] LapVar=193.7, score components: sharp=22, bright=30, even=28
[STAGE 1] Unwarping curved page ...
[STAGE 1] Raw grayscale preprocessing and PaddleOCR ...
[STAGE 1] OCR complete in 1.579s (36 detections, 36 lines, 4 regions)

============================================================
  EXTRACTED TEXT
============================================================
Field Evaluation of Wearable Translation Glasses A wearable translation system is most useful when it behaves like an ordinary tool rather than a laboratory demonstration. The user should be able to face a printed page, pause briefly, and hear a clear rendering without holding a telephone or searching through menus. In the prototype described here, a small camera is mounted near eye level and connected to a compact computer Video is sent over a local link to a processing workstation, where text detection, optical character recognition, language translation, and speech synthesis are performed The complete pipeline documents, avoids delays caused by an unstable internet connection. and allows every software component to be measured independently Image acquisition is the first major difficulty A person wearing glasses cannot easily see whether all four edges of a page are inside the camera view. The page may be tilted, partly shadowed, or closer at the top than at the bottom Motion from breathing and head movement also creates blur. The capture controller therefore examines every incoming frame before saving it It locates groups of text, estimates whether the document occupies a useful fraction of the image, and checks that a safe border remains around the detected region Sharpness is measured over the whole frame and again over the upper portion, because a slanted sheet often appears clear near the bottom while the first lines remain soft. A frame is accepted only after several consecutive observations agree Spoken prompts tell the wearer to step back, move left or right, hold still. or improve the lighting After capture, the image is converted to grayscale and corrected only when the correction improves measured recognition Excessive sharpening can create bright halos around letters while aggressive thresholding can erase punctuation and thin strokes For that reason several preprocessing alternatives are tested on the same stored photographs. The comparison includes raw grayscale. local contrast enhancement. mild gamma correction. edge-preserving filtering and adaptive binarization. Each alternative is evaluated using character count, recognition confidence, focus statistics, and processing time Ground-truth text is retained for important experiments so that character error rate and word error rate can be calculated instead of relying on confidence alone
============================================================

[REGIONS] Detected 4 text region(s): 1 title, 0 heading(s), 3 paragraph(s)
  TITLE | type=page_title | 1 line(s) | confidence=1.000 | at the top of the page
    Field Evaluation of Wearable Translation Glasses
  P1 | type=paragraph | 10 line(s) | confidence=0.993 | in the upper part of the page
    A wearable translation system is most useful when it behaves like an ordinary tool rather than a laboratory demonstration. The user should be able to face a printed page, pause briefly, and hear a clear rendering without holding a telephone or searching through menus. In the prototype described here, a small camera is mounted near eye level and connected to a compact computer Video is sent over a local link to a processing workstation, where text detection, optical character recognition, language translation, and speech synthesis are performed The complete pipeline documents, avoids delays caused by an unstable internet connection. and allows every software component to be measured independently
  P2 | type=paragraph | 13 line(s) | confidence=0.993 | in the middle of the page
    Image acquisition is the first major difficulty A person wearing glasses cannot easily see whether all four edges of a page are inside the camera view. The page may be tilted, partly shadowed, or closer at the top than at the bottom Motion from breathing and head movement also creates blur. The capture controller therefore examines every incoming frame before saving it It locates groups of text, estimates whether the document occupies a useful fraction of the image, and checks that a safe border remains around the detected region Sharpness is measured over the whole frame and again over the upper portion, because a slanted sheet often appears clear near the bottom while the first lines remain soft. A frame is accepted only after several consecutive observations agree Spoken prompts tell the wearer to step back, move left or right, hold still. or improve the lighting
  P3 | type=paragraph | 12 line(s) | confidence=0.990 | in the lower part of the page
    After capture, the image is converted to grayscale and corrected only when the correction improves measured recognition Excessive sharpening can create bright halos around letters while aggressive thresholding can erase punctuation and thin strokes For that reason several preprocessing alternatives are tested on the same stored photographs. The comparison includes raw grayscale. local contrast enhancement. mild gamma correction. edge-preserving filtering and adaptive binarization. Each alternative is evaluated using character count, recognition confidence, focus statistics, and processing time Ground-truth text is retained for important experiments so that character error rate and word error rate can be calculated instead of relying on confidence alone
[STAGE 2] 4 regions, 0 NLLB chunks, english -> english: 0.002s
[STAGE 2.5] No sufficiently confident corrections; original preserved (0.023s)
  [DEBUG] Overlay saved  → C:\Users\ali\Desktop\FYDP\New\Project\1Pipeline\final\working\Ahead\Further Box AutoCapture\working model\paragraph_test_outputs\run_002_20260912_135200_overlay.jpg
  [DEBUG] OCR log saved  → C:\Users\ali\Desktop\FYDP\New\Project\1Pipeline\final\working\Ahead\Further Box AutoCapture\working model\paragraph_test_outputs\run_002_20260912_135200_ocr.txt

────────────────────────────────────────
  ⏱  TIMING BREAKDOWN
────────────────────────────────────────
  OCR          : 1.579s
  Translation  : skipped
  Spell Corr   : 0.023s
  TTS Playback : 62.086s
────────────────────────────────────────
  TOTAL        : 65.078s
────────────────────────────────────────

  Ready for next capture!


[QUALITY] Box6 text-envelope capture guidance active …
[QUALITY] Checking all printed text, focus, lighting, and image motion.
[QUALITY] Three good frames in the latest four are required. S force-captures.
  [OBS 001] state=look_down, rows=27/27, age=0.44s, edges=B, bandLap=770, lineLap=926, lightStd=12.3, belowText=0.0, motion=0.00, stable=0/3
  [OBS 002] state=look_down, rows=17/26, age=0.17s, edges=B, bandLap=2251, lineLap=2867, lightStd=8.7, belowText=0.0, motion=0.13, stable=0/3
  [GUIDANCE] Look down for the bottom text.
  [OBS 003] state=look_down, rows=31/30, age=0.16s, edges=B, bandLap=2058, lineLap=2450, lightStd=11.8, belowText=0.0, motion=0.40, stable=0/3
  [OBS 004] state=hold_still, rows=27/30, age=0.28s, edges=B, bandLap=1403, lineLap=1475, lightStd=10.6, belowText=0.0, motion=1.01, stable=0/3
  [OBS 005] state=hold_still, rows=34/33, age=0.09s, edges=B, bandLap=3282, lineLap=3904, lightStd=11.0, belowText=15.5, motion=1.70, stable=0/3
  [OBS 006] state=look_down, rows=34/34, age=0.12s, edges=B, bandLap=2295, lineLap=3100, lightStd=11.3, belowText=11.9, motion=0.06, stable=0/3
  [OBS 007] state=look_down, rows=33/34, age=0.20s, edges=B, bandLap=2958, lineLap=3593, lightStd=10.3, belowText=19.5, motion=0.07, stable=0/3
  [OBS 008] state=look_down, rows=34/34, age=0.19s, edges=B, bandLap=2713, lineLap=3721, lightStd=10.9, belowText=1.3, motion=0.47, stable=0/3
  [OBS 009] state=almost_ready, rows=35/34, age=0.27s, edges=none, bandLap=2528, lineLap=3570, lightStd=10.6, belowText=1.0, motion=0.23, stable=1/3
  [OBS 010] state=almost_ready, rows=35/35, age=0.16s, edges=none, bandLap=2407, lineLap=3615, lightStd=11.0, belowText=1.0, motion=0.15, stable=2/3
  [GUIDANCE] Ready.
  [OBS 011] state=almost_ready, rows=37/35, age=0.17s, edges=none, bandLap=2327, lineLap=3610, lightStd=10.9, belowText=0.9, motion=0.42, stable=3/3

[QUALITY] ✅ Three of the latest four observations passed; capturing analyzed frame #3571.

────────────────────────────────────────────────────────────
  RUN #3
────────────────────────────────────────────────────────────

  💾 Saved → C:\Users\ali\Desktop\FYDP\New\Project\pics\captured\capture_cli_003_20260912_135426.jpg
[POST-CAPTURE] LapVar=460.1, score components: sharp=40, bright=30, even=29
[STAGE 1] Unwarping curved page ...
[STAGE 1] Raw grayscale preprocessing and PaddleOCR ...
[STAGE 1] OCR complete in 1.547s (36 detections, 36 lines, 4 regions)

============================================================
  EXTRACTED TEXT
============================================================
Field Evaluation of Wearable Translation Glasses A wearable translation system is most useful when it behaves like an ordinary tool rather than a laboratory demonstration The user should be able to face a printed page, pause briefly, and hear a clear rendering without holding a telephone or searching through menus In the prototype to a compact computer. Video is sent over a local link to a processing workstation, where text detection, optical character recognition, language translation, and speech synthesis are performed The complete pipeline operates without a cloud service This arrangement protects sensitive documents, avoids delays caused by an unstable internet connection. and allows every software component to be measured independently Image acquisition is the first major difficulty. A person wearing glasses cannot easily see whether all four edges of a page are inside the camera view. The page may be tilted, partly shadowed, or closer at the top than at the bottom. Motion from breathing and head movement also creates blur The capture controller therefore examines every incoming frame before saving it. It locates groups of text. estimates whether the document occupies a useful fraction of the image, and checks that a safe border remains around the detected region Sharpness is measured over the whole frame and again over the upper portion, because a slanted sheet often appears clear near the bottom while the first lines remain soft A frame is accepted only after several consecutive observations agree Spoken prompts tell the wearer to step back, move left or right hold still. or improve the lighting After capture, the image is converted to grayscale and corrected only when the correction improves measured recognition Excessive sharpening can create bright halos around letters. while aggressive thresholding can erase punctuation and thin strokes For that reason. several preprocessing alternatives are tested on the same stored photographs The comparison includes raw grayscale. local contrast enhancement, mild gamma correction. edge-preserving filtering. and adaptive binarization Each alternative is evaluated using character count, recognition confidence, focus statistics, and processing time Ground-truth text is retained for important experiments so that character error rate and word error rate can be calculated instead of relying on confidence alone
============================================================

[REGIONS] Detected 4 text region(s): 1 title, 0 heading(s), 3 paragraph(s)
  TITLE | type=page_title | 1 line(s) | confidence=1.000 | at the top of the page
    Field Evaluation of Wearable Translation Glasses
  P1 | type=paragraph | 10 line(s) | confidence=0.994 | in the upper part of the page
    A wearable translation system is most useful when it behaves like an ordinary tool rather than a laboratory demonstration The user should be able to face a printed page, pause briefly, and hear a clear rendering without holding a telephone or searching through menus In the prototype to a compact computer. Video is sent over a local link to a processing workstation, where text detection, optical character recognition, language translation, and speech synthesis are performed The complete pipeline operates without a cloud service This arrangement protects sensitive documents, avoids delays caused by an unstable internet connection. and allows every software component to be measured independently
  P2 | type=paragraph | 13 line(s) | confidence=0.995 | in the middle of the page
    Image acquisition is the first major difficulty. A person wearing glasses cannot easily see whether all four edges of a page are inside the camera view. The page may be tilted, partly shadowed, or closer at the top than at the bottom. Motion from breathing and head movement also creates blur The capture controller therefore examines every incoming frame before saving it. It locates groups of text. estimates whether the document occupies a useful fraction of the image, and checks that a safe border remains around the detected region Sharpness is measured over the whole frame and again over the upper portion, because a slanted sheet often appears clear near the bottom while the first lines remain soft A frame is accepted only after several consecutive observations agree Spoken prompts tell the wearer to step back, move left or right hold still. or improve the lighting
  P3 | type=paragraph | 12 line(s) | confidence=0.992 | at the bottom of the page
    After capture, the image is converted to grayscale and corrected only when the correction improves measured recognition Excessive sharpening can create bright halos around letters. while aggressive thresholding can erase punctuation and thin strokes For that reason. several preprocessing alternatives are tested on the same stored photographs The comparison includes raw grayscale. local contrast enhancement, mild gamma correction. edge-preserving filtering. and adaptive binarization Each alternative is evaluated using character count, recognition confidence, focus statistics, and processing time Ground-truth text is retained for important experiments so that character error rate and word error rate can be calculated instead of relying on confidence alone
[STAGE 2] 4 regions, 0 NLLB chunks, english -> english: 0.002s
[STAGE 2.5] No sufficiently confident corrections; original preserved (0.023s)
  [DEBUG] Overlay saved  → C:\Users\ali\Desktop\FYDP\New\Project\1Pipeline\final\working\Ahead\Further Box AutoCapture\working model\paragraph_test_outputs\run_003_20260912_135429_overlay.jpg
  [DEBUG] OCR log saved  → C:\Users\ali\Desktop\FYDP\New\Project\1Pipeline\final\working\Ahead\Further Box AutoCapture\working model\paragraph_test_outputs\run_003_20260912_135429_ocr.txt

────────────────────────────────────────
  ⏱  TIMING BREAKDOWN
────────────────────────────────────────
  OCR          : 1.547s
  Translation  : skipped
  Spell Corr   : 0.023s
  TTS Playback : 13.612s
────────────────────────────────────────
  TOTAL        : 16.576s
────────────────────────────────────────

  Ready for next capture!


[QUALITY] Box6 text-envelope capture guidance active …
[QUALITY] Checking all printed text, focus, lighting, and image motion.
[QUALITY] Three good frames in the latest four are required. S force-captures.
  [OBS 001] state=blurry, rows=6/6, age=0.36s, edges=none, bandLap=25, lineLap=32, lightStd=7.4, belowText=3.1, motion=0.00, stable=0/3
  [OBS 002] state=blurry, rows=12/12, age=0.11s, edges=TB, bandLap=17, lineLap=18, lightStd=16.8, belowText=0.0, motion=7.41, stable=0/3
  [GUIDANCE] Text is blurry. Adjust distance.
  [OBS 003] state=look_down, rows=11/11, age=0.19s, edges=B, bandLap=247, lineLap=222, lightStd=17.2, belowText=0.0, motion=0.28, stable=0/3
  [OBS 004] state=hold_still, rows=13/13, age=0.09s, edges=TB, bandLap=422, lineLap=202, lightStd=20.3, belowText=0.0, motion=1.97, stable=0/3
  [OBS 005] state=move_back, rows=14/14, age=0.19s, edges=TB, bandLap=318, lineLap=189, lightStd=20.0, belowText=0.0, motion=0.69, stable=0/3
  [OBS 006] state=look_down, rows=2/14, age=0.11s, edges=B, bandLap=432, lineLap=403, lightStd=12.0, belowText=0.0, motion=0.01, stable=0/3
  [OBS 007] state=look_down, rows=5/14, age=0.30s, edges=B, bandLap=390, lineLap=241, lightStd=13.1, belowText=0.0, motion=0.22, stable=0/3
  [GUIDANCE] Look down for the bottom text.
  [OBS 008] state=look_down, rows=12/14, age=0.19s, edges=B, bandLap=719, lineLap=332, lightStd=18.2, belowText=16.7, motion=0.20, stable=0/3
  [OBS 009] state=blurry, rows=3/14, age=0.19s, edges=B, bandLap=56, lineLap=44, lightStd=13.5, belowText=0.0, motion=0.55, stable=0/3
  [OBS 010] state=look_down, rows=3/13, age=0.28s, edges=B, bandLap=1488, lineLap=666, lightStd=9.0, belowText=0.0, motion=0.17, stable=0/3
  [OBS 011] state=move_back, rows=15/14, age=0.25s, edges=TB, bandLap=314, lineLap=387, lightStd=13.7, belowText=0.0, motion=0.27, stable=0/3
  [OBS 012] state=too_dark, rows=0/14, age=0.14s, edges=none, bandLap=15, lineLap=0, lightStd=0.0, belowText=0.0, motion=5.03, stable=0/3
  [OBS 013] state=page_not_found, rows=0/14, age=0.12s, edges=none, bandLap=91, lineLap=0, lightStd=0.0, belowText=0.0, motion=0.08, stable=0/3
  [OBS 014] state=page_not_found, rows=0/14, age=0.17s, edges=none, bandLap=72, lineLap=0, lightStd=0.0, belowText=0.0, motion=0.55, stable=0/3
  [GUIDANCE] Find the printed text.
  [OBS 015] state=page_not_found, rows=0/14, age=0.27s, edges=none, bandLap=83, lineLap=0, lightStd=0.0, belowText=0.0, motion=0.32, stable=0/3

────────────────────────────────────────────────────────────
  RUN #4
────────────────────────────────────────────────────────────

  💾 Saved → C:\Users\ali\Desktop\FYDP\New\Project\pics\captured\capture_cli_004_20260912_135705.jpg
[POST-CAPTURE] LapVar=15.7, score components: sharp=0, bright=30, even=17
[POST-CAPTURE] Rejected: saved frame is too soft for reliable OCR (15.7 < 100).

[QUALITY] Box6 text-envelope capture guidance active …
[QUALITY] Checking all printed text, focus, lighting, and image motion.
[QUALITY] Three good frames in the latest four are required. S force-captures.
  [OBS 001] state=page_not_found, rows=0/0, age=0.25s, edges=none, bandLap=16, lineLap=0, lightStd=0.0, belowText=0.0, motion=0.00, stable=0/3
  [OBS 002] state=blurry, rows=3/3, age=0.24s, edges=none, bandLap=25, lineLap=73, lightStd=5.0, belowText=0.7, motion=1.65, stable=0/3
  [OBS 003] state=hold_still, rows=19/19, age=0.14s, edges=B, bandLap=325, lineLap=373, lightStd=17.7, belowText=0.0, motion=2.12, stable=0/3
  [OBS 004] state=move_back, rows=16/19, age=0.14s, edges=TB, bandLap=1875, lineLap=1179, lightStd=17.7, belowText=0.0, motion=0.46, stable=0/3
  [OBS 005] state=move_back, rows=15/18, age=0.17s, edges=TB, bandLap=1110, lineLap=803, lightStd=17.7, belowText=0.0, motion=0.09, stable=0/3
  [GUIDANCE] Move back so all text fits.
  [OBS 006] state=move_back, rows=16/18, age=0.22s, edges=TB, bandLap=1526, lineLap=1052, lightStd=18.6, belowText=0.0, motion=0.38, stable=0/3
  [OBS 007] state=move_back, rows=15/18, age=0.31s, edges=TB, bandLap=2547, lineLap=1692, lightStd=18.1, belowText=0.0, motion=0.20, stable=0/3
  [OBS 008] state=look_down, rows=13/18, age=0.16s, edges=B, bandLap=317, lineLap=192, lightStd=17.7, belowText=0.0, motion=0.08, stable=0/3
  [OBS 009] state=look_down, rows=16/17, age=0.14s, edges=B, bandLap=481, lineLap=348, lightStd=18.3, belowText=0.0, motion=0.21, stable=0/3
  [GUIDANCE] Look down for the bottom text.
  [OBS 010] state=page_not_found, rows=0/17, age=0.12s, edges=none, bandLap=53, lineLap=0, lightStd=0.0, belowText=0.0, motion=0.42, stable=0/3
  [OBS 011] state=almost_ready, rows=24/20, age=0.34s, edges=none, bandLap=558, lineLap=702, lightStd=18.0, belowText=0.7, motion=0.33, stable=1/3
  [OBS 012] state=almost_ready, rows=25/24, age=0.17s, edges=none, bandLap=1335, lineLap=1397, lightStd=17.7, belowText=0.9, motion=0.19, stable=2/3
  [GUIDANCE] Ready.
  [STABLE HOLD] Cleared by a confirmed text-edge or unreadable-text failure.
  [OBS 013] state=blurry, rows=7/24, age=0.12s, edges=T, bandLap=134, lineLap=118, lightStd=18.2, belowText=5.7, motion=1.46, stable=0/3
  [OBS 014] state=hold_still, rows=7/24, age=0.12s, edges=T, bandLap=519, lineLap=600, lightStd=17.0, belowText=1.5, motion=4.97, stable=0/3
  [OBS 015] state=hold_still, rows=6/24, age=0.11s, edges=none, bandLap=388, lineLap=349, lightStd=6.4, belowText=0.7, motion=2.58, stable=0/3
  [GUIDANCE] Hold still.
  [OBS 016] state=hold_still, rows=16/24, age=0.12s, edges=B, bandLap=300, lineLap=291, lightStd=16.6, belowText=0.0, motion=4.01, stable=0/3
  [OBS 017] state=look_down, rows=20/24, age=0.27s, edges=B, bandLap=815, lineLap=853, lightStd=16.2, belowText=0.0, motion=0.17, stable=0/3
  [OBS 018] state=look_down, rows=20/24, age=0.16s, edges=B, bandLap=1574, lineLap=1234, lightStd=15.4, belowText=0.9, motion=0.77, stable=0/3
  [GUIDANCE] Look down for the bottom text.
  [OBS 019] state=hold_still, rows=18/24, age=0.17s, edges=none, bandLap=581, lineLap=298, lightStd=16.4, belowText=1.1, motion=0.15, stable=0/3
  [OBS 020] state=look_up, rows=25/25, age=0.12s, edges=T, bandLap=618, lineLap=526, lightStd=17.1, belowText=1.0, motion=0.09, stable=0/3
  [OBS 021] state=look_up, rows=31/25, age=0.14s, edges=T, bandLap=120, lineLap=124, lightStd=12.8, belowText=1.0, motion=0.32, stable=0/3
  [OBS 022] state=hold_still, rows=16/25, age=0.25s, edges=none, bandLap=598, lineLap=690, lightStd=18.0, belowText=1.2, motion=0.26, stable=0/3
  [OBS 023] state=look_up, rows=25/25, age=0.25s, edges=T, bandLap=361, lineLap=342, lightStd=15.0, belowText=1.0, motion=0.27, stable=0/3
  [OBS 024] state=look_up, rows=19/25, age=0.34s, edges=T, bandLap=228, lineLap=184, lightStd=15.2, belowText=0.9, motion=0.94, stable=0/3
  [GUIDANCE] Look up for the top text.
  [OBS 025] state=hold_still, rows=9/25, age=0.16s, edges=none, bandLap=427, lineLap=352, lightStd=12.1, belowText=1.0, motion=0.96, stable=0/3
  [OBS 026] state=hold_still, rows=19/25, age=0.12s, edges=none, bandLap=586, lineLap=561, lightStd=15.8, belowText=1.2, motion=0.50, stable=0/3
  [OBS 027] state=look_down, rows=22/25, age=0.22s, edges=B, bandLap=790, lineLap=983, lightStd=16.3, belowText=0.0, motion=0.82, stable=0/3
  [OBS 028] state=look_down, rows=19/25, age=0.31s, edges=B, bandLap=1594, lineLap=1362, lightStd=17.5, belowText=0.0, motion=0.21, stable=0/3
  [OBS 029] state=hold_still, rows=3/25, age=0.08s, edges=none, bandLap=294, lineLap=315, lightStd=12.4, belowText=1.2, motion=0.33, stable=0/3
  [OBS 030] state=almost_ready, rows=21/25, age=0.14s, edges=none, bandLap=377, lineLap=313, lightStd=16.3, belowText=1.1, motion=0.04, stable=1/3
  [STABLE HOLD] Cleared by a confirmed text-edge or unreadable-text failure.
  [OBS 031] state=look_up, rows=24/25, age=0.17s, edges=T, bandLap=742, lineLap=743, lightStd=14.1, belowText=1.1, motion=0.25, stable=0/3
  [OBS 032] state=look_up, rows=23/25, age=0.16s, edges=T, bandLap=965, lineLap=1194, lightStd=13.5, belowText=1.2, motion=0.06, stable=0/3
  [GUIDANCE] Look up for the top text.
  [OBS 033] state=look_up, rows=24/24, age=0.33s, edges=T, bandLap=137, lineLap=145, lightStd=14.2, belowText=1.2, motion=0.06, stable=0/3
  [OBS 034] state=look_up, rows=26/25, age=0.14s, edges=T, bandLap=359, lineLap=245, lightStd=14.7, belowText=1.3, motion=0.21, stable=0/3
  [OBS 035] state=hold_still, rows=16/24, age=0.11s, edges=B, bandLap=595, lineLap=536, lightStd=15.5, belowText=15.8, motion=1.11, stable=0/3
  [OBS 036] state=look_down, rows=22/24, age=0.14s, edges=B, bandLap=343, lineLap=385, lightStd=16.0, belowText=9.7, motion=0.27, stable=0/3
  [OBS 037] state=look_down, rows=22/24, age=0.14s, edges=B, bandLap=775, lineLap=709, lightStd=15.6, belowText=12.9, motion=0.37, stable=0/3
  [OBS 038] state=look_down, rows=25/25, age=0.19s, edges=B, bandLap=298, lineLap=314, lightStd=15.8, belowText=3.5, motion=0.23, stable=0/3
  [GUIDANCE] Look down for the bottom text.
  [OBS 039] state=look_down, rows=22/25, age=0.26s, edges=B, bandLap=1110, lineLap=1056, lightStd=15.7, belowText=0.0, motion=0.19, stable=0/3
  [OBS 040] state=look_down, rows=25/25, age=0.25s, edges=B, bandLap=186, lineLap=233, lightStd=15.7, belowText=0.0, motion=0.03, stable=0/3
  [OBS 041] state=look_up, rows=22/25, age=0.25s, edges=T, bandLap=190, lineLap=376, lightStd=15.5, belowText=1.0, motion=0.83, stable=0/3
  [OBS 042] state=hold_still, rows=17/25, age=0.09s, edges=T, bandLap=737, lineLap=469, lightStd=15.5, belowText=1.2, motion=3.53, stable=0/3
  [OBS 043] state=look_up, rows=21/25, age=0.12s, edges=T, bandLap=1414, lineLap=1070, lightStd=14.7, belowText=1.3, motion=0.68, stable=0/3
  [OBS 044] state=hold_still, rows=8/25, age=0.25s, edges=none, bandLap=288, lineLap=251, lightStd=9.8, belowText=0.7, motion=0.25, stable=0/3
  [OBS 045] state=look_up, rows=20/25, age=0.11s, edges=T, bandLap=121, lineLap=144, lightStd=15.6, belowText=1.2, motion=0.42, stable=0/3
  [OBS 046] state=hold_still, rows=14/25, age=0.09s, edges=none, bandLap=188, lineLap=277, lightStd=5.8, belowText=1.2, motion=0.67, stable=0/3
  [OBS 047] state=page_not_found, rows=0/25, age=0.09s, edges=none, bandLap=24, lineLap=0, lightStd=0.0, belowText=0.0, motion=0.54, stable=0/3
  [OBS 048] state=blurry, rows=6/25, age=0.19s, edges=none, bandLap=101, lineLap=238, lightStd=5.6, belowText=11.0, motion=1.11, stable=0/3
  [OBS 049] state=look_up, rows=13/25, age=0.19s, edges=T, bandLap=166, lineLap=191, lightStd=8.3, belowText=10.4, motion=0.45, stable=0/3
  [OBS 050] state=blurry, rows=15/25, age=0.31s, edges=none, bandLap=93, lineLap=383, lightStd=11.2, belowText=1.2, motion=0.44, stable=0/3
  [OBS 051] state=blurry, rows=15/25, age=0.27s, edges=T, bandLap=258, lineLap=285, lightStd=8.9, belowText=5.8, motion=0.05, stable=0/3
  [GUIDANCE] Text is blurry. Adjust distance.
  [OBS 052] state=look_up, rows=21/25, age=0.23s, edges=T, bandLap=162, lineLap=539, lightStd=10.9, belowText=1.3, motion=0.18, stable=0/3
  [OBS 053] state=blurry, rows=13/22, age=0.11s, edges=T, bandLap=281, lineLap=333, lightStd=6.2, belowText=7.6, motion=1.50, stable=0/3
  [OBS 054] state=bad_lighting, rows=23/22, age=0.14s, edges=T, bandLap=451, lineLap=666, lightStd=45.9, belowText=7.2, motion=1.05, stable=0/3
  [OBS 055] state=hold_still, rows=0/22, age=0.23s, edges=none, bandLap=37, lineLap=0, lightStd=0.0, belowText=0.0, motion=1.09, stable=0/3
  [OBS 056] state=blurry, rows=25/25, age=0.17s, edges=none, bandLap=768, lineLap=1115, lightStd=11.2, belowText=6.7, motion=0.39, stable=0/3
  [OBS 057] state=blurry, rows=28/25, age=0.14s, edges=T, bandLap=99, lineLap=301, lightStd=9.2, belowText=1.1, motion=0.69, stable=0/3
  [OBS 058] state=look_up, rows=25/25, age=0.19s, edges=T, bandLap=248, lineLap=714, lightStd=8.5, belowText=1.7, motion=0.40, stable=0/3
  [OBS 059] state=blurry, rows=20/25, age=0.19s, edges=none, bandLap=619, lineLap=947, lightStd=11.4, belowText=8.9, motion=0.37, stable=0/3
  [OBS 060] state=almost_ready, rows=25/25, age=0.19s, edges=none, bandLap=315, lineLap=812, lightStd=8.1, belowText=1.7, motion=0.18, stable=1/3
  [OBS 061] state=almost_ready, rows=20/25, age=0.25s, edges=none, bandLap=801, lineLap=1091, lightStd=12.3, belowText=7.3, motion=0.12, stable=2/3
  [GUIDANCE] Ready.
  [STABLE HOLD] Cleared by a confirmed text-edge or unreadable-text failure.
  [OBS 062] state=blurry, rows=20/25, age=0.11s, edges=none, bandLap=325, lineLap=560, lightStd=13.1, belowText=6.6, motion=0.06, stable=0/3
  [OBS 063] state=blurry, rows=20/25, age=0.16s, edges=none, bandLap=727, lineLap=785, lightStd=12.7, belowText=5.9, motion=0.02, stable=0/3
  [GUIDANCE] Text is blurry. Adjust distance.
  [OBS 064] state=blurry, rows=19/25, age=0.17s, edges=none, bandLap=277, lineLap=613, lightStd=12.5, belowText=7.2, motion=0.24, stable=0/3
  [OBS 065] state=almost_ready, rows=28/25, age=0.17s, edges=none, bandLap=186, lineLap=744, lightStd=8.4, belowText=1.3, motion=0.18, stable=1/3
  [STABLE HOLD] Cleared by a confirmed text-edge or unreadable-text failure.
  [OBS 066] state=blurry, rows=19/25, age=0.20s, edges=none, bandLap=722, lineLap=1217, lightStd=10.7, belowText=9.0, motion=0.10, stable=0/3
  [OBS 067] state=blurry, rows=16/25, age=0.33s, edges=none, bandLap=414, lineLap=591, lightStd=8.8, belowText=8.5, motion=0.34, stable=0/3
  [OBS 068] state=blurry, rows=23/25, age=0.31s, edges=none, bandLap=705, lineLap=1178, lightStd=13.1, belowText=5.4, motion=0.16, stable=0/3
  [OBS 069] state=blurry, rows=18/25, age=0.20s, edges=none, bandLap=55, lineLap=119, lightStd=8.9, belowText=1.1, motion=0.11, stable=0/3
  [OBS 070] state=look_up, rows=24/25, age=0.11s, edges=T, bandLap=340, lineLap=797, lightStd=14.5, belowText=1.5, motion=0.05, stable=0/3
  [OBS 071] state=blurry, rows=16/25, age=0.16s, edges=none, bandLap=118, lineLap=160, lightStd=5.7, belowText=5.2, motion=0.77, stable=0/3
  [OBS 072] state=almost_ready, rows=23/25, age=0.28s, edges=none, bandLap=201, lineLap=708, lightStd=10.7, belowText=1.5, motion=0.16, stable=1/3
  [STABLE HOLD] Cleared by a confirmed text-edge or unreadable-text failure.
  [OBS 073] state=blurry, rows=18/24, age=0.14s, edges=none, bandLap=309, lineLap=959, lightStd=13.3, belowText=5.9, motion=0.15, stable=0/3
  [OBS 074] state=blurry, rows=22/24, age=0.14s, edges=none, bandLap=407, lineLap=876, lightStd=13.7, belowText=5.1, motion=0.35, stable=0/3
  [GUIDANCE] Text is blurry. Adjust distance.
  [OBS 075] state=almost_ready, rows=23/24, age=0.16s, edges=none, bandLap=226, lineLap=502, lightStd=10.8, belowText=1.5, motion=0.21, stable=1/3
  [STABLE HOLD] Cleared by a confirmed text-edge or unreadable-text failure.
  [OBS 076] state=blurry, rows=22/24, age=0.14s, edges=none, bandLap=318, lineLap=1092, lightStd=14.4, belowText=5.2, motion=0.56, stable=0/3
  [OBS 077] state=almost_ready, rows=23/24, age=0.20s, edges=none, bandLap=684, lineLap=1290, lightStd=13.5, belowText=7.1, motion=0.46, stable=1/3
  [STABLE HOLD] Cleared by a confirmed text-edge or unreadable-text failure.
  [OBS 078] state=blurry, rows=21/23, age=0.23s, edges=none, bandLap=419, lineLap=737, lightStd=13.1, belowText=6.9, motion=0.07, stable=0/3
  [OBS 079] state=almost_ready, rows=25/24, age=0.33s, edges=none, bandLap=226, lineLap=850, lightStd=9.5, belowText=1.5, motion=0.13, stable=1/3
  [STABLE HOLD] Cleared by a confirmed text-edge or unreadable-text failure.
  [OBS 080] state=blurry, rows=12/24, age=0.24s, edges=none, bandLap=286, lineLap=429, lightStd=6.7, belowText=7.1, motion=0.09, stable=0/3
  [OBS 081] state=blurry, rows=19/24, age=0.11s, edges=none, bandLap=726, lineLap=1058, lightStd=10.5, belowText=8.2, motion=0.05, stable=0/3
  [GUIDANCE] Text is blurry. Adjust distance.
  [OBS 082] state=almost_ready, rows=20/23, age=0.11s, edges=none, bandLap=158, lineLap=259, lightStd=8.7, belowText=1.3, motion=0.20, stable=1/3
  [OBS 083] state=almost_ready, rows=23/23, age=0.27s, edges=none, bandLap=335, lineLap=989, lightStd=8.4, belowText=1.5, motion=0.06, stable=2/3
  [GUIDANCE] Ready.
  [OBS 084] state=almost_ready, rows=22/23, age=0.14s, edges=none, bandLap=118, lineLap=286, lightStd=13.7, belowText=2.1, motion=0.55, stable=3/3

[QUALITY] ✅ Three of the latest four observations passed; capturing analyzed frame #6111.

────────────────────────────────────────────────────────────
  RUN #5
────────────────────────────────────────────────────────────

  💾 Saved → C:\Users\ali\Desktop\FYDP\New\Project\pics\captured\capture_cli_005_20260912_135808.jpg
[POST-CAPTURE] LapVar=146.1, score components: sharp=15, bright=30, even=6
[STAGE 1] Unwarping curved page ...
[STAGE 1] Raw grayscale preprocessing and PaddleOCR ...
[STAGE 1] OCR complete in 1.500s (41 detections, 34 lines, 4 regions)

============================================================
  EXTRACTED TEXT
============================================================
Field Evaluation of Wearable Translation Glasses A wearable translation system is most useful when it behaves like an ordinary tool rather than a laboratory demonstration. The user should be able to face a printed page, pause briefly, and hear a clear rendering without holding a telephone or searching through menus. In the prototype described here, a small camera is mounted near eye level and connected to a compact computer Video is sent over a local link to a processing workstation, where text detection, optical character recognition, language translation. and speech synthesis are performed. The complete pipeline operates without a cloud service This arrangement protects sensitive documents, avoids delays caused by an unstable internet connection. and allows every software component to be measured independently Image acquisition is the first major difficulty A person wearing glasses cannot easily see whether all four edges of a page are inside the camera view. The page may be tilted, partly shadowed, or closer at the top than at the bottom Motion from breathing and head movement also creates blur The capture controller therefore examines every incoming frame before saving it It locates groups of text estimates whether the document occupies a useful fraction of the image, and checks that a safe border remains around the detected region Sharpness is measured over the whole frame and again over the upper portion, because a slanted sheet often appears clear near the bottom while the first lines remain soft A frame is accepted only after several consecutive observations agree Spoken prompts tell the wearer to step back, move left or right hold still or improve the lighting After capture, the image is converted to grayscale and corrected only when the correction improves measured recognibion Excessive sharpening can create bright halos around letters. while aggresaive thresholding can erase punctuation and thin strokes For that reason several preprocessing alternatives are tested on the same stored adaptive binarization Each alternative is evaluated using character count. confidence alono
============================================================

[REGIONS] Detected 4 text region(s): 1 title, 0 heading(s), 3 paragraph(s)
  TITLE | type=page_title | 1 line(s) | confidence=1.000 | at the top of the page
    Field Evaluation of Wearable Translation Glasses
  P1 | type=paragraph | 11 line(s) | confidence=0.994 | in the upper part of the page
    A wearable translation system is most useful when it behaves like an ordinary tool rather than a laboratory demonstration. The user should be able to face a printed page, pause briefly, and hear a clear rendering without holding a telephone or searching through menus. In the prototype described here, a small camera is mounted near eye level and connected to a compact computer Video is sent over a local link to a processing workstation, where text detection, optical character recognition, language translation. and speech synthesis are performed. The complete pipeline operates without a cloud service This arrangement protects sensitive documents, avoids delays caused by an unstable internet connection. and allows every software component to be measured independently
  P2 | type=paragraph | 13 line(s) | confidence=0.993 | in the middle of the page
    Image acquisition is the first major difficulty A person wearing glasses cannot easily see whether all four edges of a page are inside the camera view. The page may be tilted, partly shadowed, or closer at the top than at the bottom Motion from breathing and head movement also creates blur The capture controller therefore examines every incoming frame before saving it It locates groups of text estimates whether the document occupies a useful fraction of the image, and checks that a safe border remains around the detected region Sharpness is measured over the whole frame and again over the upper portion, because a slanted sheet often appears clear near the bottom while the first lines remain soft A frame is accepted only after several consecutive observations agree Spoken prompts tell the wearer to step back, move left or right hold still or improve the lighting
  P3 | type=paragraph | 8 line(s) | confidence=0.984 | in the lower part of the page
    After capture, the image is converted to grayscale and corrected only when the correction improves measured recognibion Excessive sharpening can create bright halos around letters. while aggresaive thresholding can erase punctuation and thin strokes For that reason several preprocessing alternatives are tested on the same stored adaptive binarization Each alternative is evaluated using character count. confidence alono
[STAGE 2] 4 regions, 0 NLLB chunks, english -> english: 0.001s
[STAGE 2.5] No sufficiently confident corrections; original preserved (0.022s)
  [DEBUG] Overlay saved  → C:\Users\ali\Desktop\FYDP\New\Project\1Pipeline\final\working\Ahead\Further Box AutoCapture\working model\paragraph_test_outputs\run_005_20260912_135810_overlay.jpg
  [DEBUG] OCR log saved  → C:\Users\ali\Desktop\FYDP\New\Project\1Pipeline\final\working\Ahead\Further Box AutoCapture\working model\paragraph_test_outputs\run_005_20260912_135810_ocr.txt

────────────────────────────────────────
  ⏱  TIMING BREAKDOWN
────────────────────────────────────────
  OCR          : 1.500s
  Translation  : skipped
  Spell Corr   : 0.022s
  TTS Playback : 214.786s
────────────────────────────────────────
  TOTAL        : 217.781s
────────────────────────────────────────

  Ready for next capture!

